  ep 0 val_nll 6.6423
  ep 25 val_nll 5.6569
  ep 50 val_nll 5.6272
  ep 75 val_nll 5.7023
  ep 100 val_nll 5.8294
  ep 125 val_nll 5.9208
  ep 150 val_nll 5.9960
  ep 175 val_nll 6.0534
saved checkpoint /usr4/spclpgm/azhang09/RISE-Project/data/checkpoints/pw_noisy_ensr_gnn_seed1.pt
{"tag": "pw_noisy_ensr_gnn_seed1", "maps": "ensr", "arch": "gnn", "val_nll": 5.624338134765625, "noisy": {"coverage": 0.9135, "median_radius_m": 69.27293215152224, "frac_below_50m": 0.271}}
  ep 0 val_nll 6.6322
  ep 25 val_nll 5.6529
  ep 50 val_nll 5.6467
  ep 75 val_nll 5.6956
  ep 100 val_nll 5.8007
  ep 125 val_nll 5.8875
  ep 150 val_nll 5.9555
  ep 175 val_nll 5.9594
saved checkpoint /usr4/spclpgm/azhang09/RISE-Project/data/checkpoints/pw_noisy_ensr_st_seed1.pt
{"tag": "pw_noisy_ensr_st_seed1", "maps": "ensr", "arch": "st", "val_nll": 5.633561767578125, "noisy": {"coverage": 0.9085, "median_radius_m": 69.4829566823989, "frac_below_50m": 0.2625}}
