  ep 0 val_nll 7.9953
  ep 25 val_nll 7.3942
  ep 50 val_nll 6.3622
  ep 75 val_nll 6.1684
  ep 100 val_nll 6.1896
  ep 125 val_nll 6.2772
  ep 150 val_nll 6.2989
  ep 175 val_nll 6.3740
{"tag": "pw_noisy_nomaps_gnn_seed1", "maps": "off", "arch": "gnn", "val_nll": 6.129553955078125, "clean": {"coverage": 0.8965, "median_radius_m": 66.40916545241669, "frac_below_50m": 0.073}, "noisy": {"coverage": 0.8965, "median_radius_m": 69.3430110082406, "frac_below_50m": 0.024}}
  ep 0 val_nll 6.6423
  ep 25 val_nll 5.6569
  ep 50 val_nll 5.6272
  ep 75 val_nll 5.7023
  ep 100 val_nll 5.8294
  ep 125 val_nll 5.9208
  ep 150 val_nll 5.9960
  ep 175 val_nll 6.0534
{"tag": "pw_noisy_ensr_gnn_seed1", "maps": "ensr", "arch": "gnn", "val_nll": 5.624338134765625, "noisy": {"coverage": 0.9135, "median_radius_m": 69.27293215152224, "frac_below_50m": 0.271}}
  ep 0 val_nll 7.9843
  ep 25 val_nll 7.0792
  ep 50 val_nll 6.3648
  ep 75 val_nll 6.1982
  ep 100 val_nll 6.1872
  ep 125 val_nll 6.2560
  ep 150 val_nll 6.3424
  ep 175 val_nll 6.4144
{"tag": "pw_noisy_nomaps_gnn_seed2", "maps": "off", "arch": "gnn", "val_nll": 6.17762548828125, "clean": {"coverage": 0.8985, "median_radius_m": 66.48226306998002, "frac_below_50m": 0.0285}, "noisy": {"coverage": 0.9065, "median_radius_m": 71.34536098063148, "frac_below_50m": 0.0125}}
  ep 0 val_nll 6.6956
  ep 25 val_nll 5.6581
  ep 50 val_nll 5.6260
  ep 75 val_nll 5.6844
  ep 100 val_nll 5.8500
  ep 125 val_nll 5.9530
  ep 150 val_nll 6.0142
  ep 175 val_nll 6.0532
{"tag": "pw_noisy_ensr_gnn_seed2", "maps": "ensr", "arch": "gnn", "val_nll": 5.625995849609375, "noisy": {"coverage": 0.9075, "median_radius_m": 68.56820444399625, "frac_below_50m": 0.2825}}
  ep 0 val_nll 7.9718
  ep 25 val_nll 6.8598
  ep 50 val_nll 6.3836
  ep 75 val_nll 6.1863
  ep 100 val_nll 6.1972
  ep 125 val_nll 6.2158
  ep 150 val_nll 6.3248
  ep 175 val_nll 6.3535
{"tag": "pw_noisy_nomaps_gnn_seed3", "maps": "off", "arch": "gnn", "val_nll": 6.127185546875, "clean": {"coverage": 0.8975, "median_radius_m": 64.92993392646402, "frac_below_50m": 0.1455}, "noisy": {"coverage": 0.901, "median_radius_m": 69.20278232881846, "frac_below_50m": 0.048}}
  ep 0 val_nll 6.6855
  ep 25 val_nll 5.6343
  ep 50 val_nll 5.6293
  ep 75 val_nll 5.7276
  ep 100 val_nll 5.8865
  ep 125 val_nll 6.0065
  ep 150 val_nll 6.1306
  ep 175 val_nll 6.1876
{"tag": "pw_noisy_ensr_gnn_seed3", "maps": "ensr", "arch": "gnn", "val_nll": 5.618496337890625, "noisy": {"coverage": 0.913, "median_radius_m": 68.35536935907044, "frac_below_50m": 0.2905}}
  ep 0 val_nll 7.9940
  ep 25 val_nll 7.8143
  ep 50 val_nll 6.6934
  ep 75 val_nll 6.4220
  ep 100 val_nll 6.3128
  ep 125 val_nll 6.2514
  ep 150 val_nll 6.2417
  ep 175 val_nll 6.2206
{"tag": "pw_noisy_nomaps_st_seed1", "maps": "off", "arch": "st", "val_nll": 6.20543505859375, "clean": {"coverage": 0.8905, "median_radius_m": 75.83347359304877, "frac_below_50m": 0.154}, "noisy": {"coverage": 0.894, "median_radius_m": 80.37313689919353, "frac_below_50m": 0.108}}
  ep 0 val_nll 6.6321
  ep 25 val_nll 5.6522
  ep 50 val_nll 5.6463
  ep 75 val_nll 5.6690
  ep 100 val_nll 5.7264
  ep 125 val_nll 5.7821
  ep 150 val_nll 5.8490
  ep 175 val_nll 5.8692
{"tag": "pw_noisy_ensr_st_seed1", "maps": "ensr", "arch": "st", "val_nll": 5.634796142578125, "noisy": {"coverage": 0.908, "median_radius_m": 69.41301911391372, "frac_below_50m": 0.2645}}
  ep 0 val_nll 7.9778
  ep 25 val_nll 7.4844
  ep 50 val_nll 6.6257
  ep 75 val_nll 6.4632
  ep 100 val_nll 6.3584
  ep 125 val_nll 6.3142
  ep 150 val_nll 6.2913
  ep 175 val_nll 6.2986
{"tag": "pw_noisy_nomaps_st_seed2", "maps": "off", "arch": "st", "val_nll": 6.291290771484375, "clean": {"coverage": 0.891, "median_radius_m": 78.53928781463003, "frac_below_50m": 0.0995}, "noisy": {"coverage": 0.8915, "median_radius_m": 82.34321271399627, "frac_below_50m": 0.0715}}
  ep 0 val_nll 6.7663
  ep 25 val_nll 5.6454
  ep 50 val_nll 5.6441
  ep 75 val_nll 5.8274
  ep 100 val_nll 6.0148
  ep 125 val_nll 6.1186
  ep 150 val_nll 6.1894
  ep 175 val_nll 6.2228
{"tag": "pw_noisy_ensr_st_seed2", "maps": "ensr", "arch": "st", "val_nll": 5.630815185546875, "noisy": {"coverage": 0.9075, "median_radius_m": 69.76200582413337, "frac_below_50m": 0.2615}}
  ep 0 val_nll 7.9858
  ep 25 val_nll 7.2799
  ep 50 val_nll 6.5726
  ep 75 val_nll 6.4026
  ep 100 val_nll 6.3360
  ep 125 val_nll 6.3306
  ep 150 val_nll 6.2925
  ep 175 val_nll 6.2590
{"tag": "pw_noisy_nomaps_st_seed3", "maps": "off", "arch": "st", "val_nll": 6.241963623046875, "clean": {"coverage": 0.8955, "median_radius_m": 77.41813022591651, "frac_below_50m": 0.166}, "noisy": {"coverage": 0.892, "median_radius_m": 81.03515070654102, "frac_below_50m": 0.123}}
  ep 0 val_nll 6.6244
  ep 25 val_nll 5.6489
  ep 50 val_nll 5.6387
  ep 75 val_nll 5.7898
  ep 100 val_nll 5.9771
  ep 125 val_nll 6.0404
  ep 150 val_nll 6.0828
  ep 175 val_nll 6.1037
{"tag": "pw_noisy_ensr_st_seed3", "maps": "ensr", "arch": "st", "val_nll": 5.635380859375, "noisy": {"coverage": 0.913, "median_radius_m": 70.31678200232864, "frac_below_50m": 0.262}}
ARCH WIND DONE
