== gates ==
{'symmetry_max_rel': 4.257916141893061e-14, 'mass_flux_max_rel_dev': 4.167730217385923e-06, 'ppm_100kgh_100m_D': 80.24101169324463, 'gates_pass': True}
== data ==
  train: 10000
  val: 1000
  calib: 2000
  test: 2000
== exact posteriors ==
  posterior 2000/10000
  posterior 4000/10000
  posterior 6000/10000
  posterior 8000/10000
  posterior 10000/10000
  train: norm_err 5.73e-14
  val: norm_err 5.64e-14
  posterior 2000/2000
  calib: norm_err 8.19e-14
  posterior 2000/2000
  test: norm_err 5.62e-14
== oracle sanity ==
  mode recovery (identifiable, cell-centered): 5/~24 tried
== conformal on exact ==
  exact coverage 0.8935
== train M0 / M1 ==
  M0 ep 0 crit 7.9814 best 7.9814
  M0 ep 20 crit 7.9349 best 7.9206
  M1 ep 0 crit 8.3222 best 8.3222
  M1 ep 20 crit 7.9239 best 7.9239
  M1 ep 40 crit 7.7819 best 7.7819
  M1 ep 60 crit 7.7555 best 7.7398
  M1 ep 80 crit 7.7156 best 7.7091
  M1 ep 100 crit 7.7023 best 7.6927
  M1 ep 120 crit 7.6864 best 7.6795
  M1 ep 140 crit 7.6733 best 7.6733
  M1 ep 160 crit 7.6706 best 7.6692
  M1 ep 180 crit 7.6649 best 7.6649
== audit ==
  M0: {'coverage': 0.9005, 'area_median': 0.57861328125, 'ineff_median': 1.016278052890667, 'ineff_mean': 119.01288286079583}
  M1: {'coverage': 0.912, 'area_median': 0.7242431640625, 'ineff_median': 1.3155524020274214, 'ineff_mean': 22.39244378729253}
fig15 done
exit: 0
