== data ==
  train: 10000
  val: 1000
  calib: 2000
  test: 2000
== exact posteriors ==
  posterior 2000/10000
  posterior 4000/10000
  posterior 6000/10000
  posterior 8000/10000
  posterior 10000/10000
  train: norm_err 5.71e-14
  val: norm_err 5.73e-14
  posterior 2000/2000
  calib: norm_err 5.66e-14
  posterior 2000/2000
  test: norm_err 5.66e-14
  conformal-on-exact coverage: 0.952 (must be ~0.90)
  test weakly-identifiable frac: 0.06
== train M0/M1 ==
  DeepSetsT params: 4.87M
  M0 ep 0 crit 7.9979
  M0 ep 20 crit 7.2710
  M0 ep 40 crit 6.8451
  M0 ep 60 crit 6.6807
  M0 ep 80 crit 6.5984
  M0 ep 100 crit 6.6037
  M0 ep 120 crit 6.5797
  M0 ep 140 crit 6.5652
  M1 ep 0 crit 8.2346
  M1 ep 20 crit 7.0864
  M1 ep 40 crit 6.7717
  M1 ep 60 crit 6.5925
  M1 ep 80 crit 6.4995
  M1 ep 100 crit 6.4707
  M1 ep 120 crit 6.4280
  M1 ep 140 crit 6.4128
  M1 ep 160 crit 6.4026
  M1 ep 180 crit 6.4013
== audit ==
  M0: {'coverage': 0.89, 'ineff_median_all': 158.5, 'ineff_median_identifiable': 252.0}
  M1: {'coverage': 0.898, 'ineff_median_all': 100.0, 'ineff_median_identifiable': 140.0}
CH4T DONE
