== seeds ==
  DeepSetsT params: 4.87M
  M0 ep 0 crit 7.9979
  M0 ep 20 crit 7.2710
  M0 ep 40 crit 6.8451
  M0 ep 60 crit 6.6807
  M0 ep 80 crit 6.5984
  M0 ep 100 crit 6.6037
  M0 ep 120 crit 6.5797
  M0 ep 140 crit 6.5652
  M0 s1: {'coverage': 0.89, 'radius_m': 93.76146528139473, 'ineff_median': 158.5, 'mode': 'M0', 'seed': 1}
  M1 ep 0 crit 8.2346
  M1 ep 20 crit 7.0864
  M1 ep 40 crit 6.7717
  M1 ep 60 crit 6.5925
  M1 ep 80 crit 6.4995
  M1 ep 100 crit 6.4707
  M1 ep 120 crit 6.4280
  M1 ep 140 crit 6.4128
  M1 ep 160 crit 6.4026
  M1 ep 180 crit 6.4013
  M1 s1: {'coverage': 0.898, 'radius_m': 73.82127244758681, 'ineff_median': 100.0, 'mode': 'M1', 'seed': 1}
  M0 ep 0 crit 7.9725
  M0 ep 20 crit 7.1710
  M0 ep 40 crit 6.8199
  M0 ep 60 crit 6.6775
  M0 ep 80 crit 6.5767
  M0 ep 100 crit 6.6149
  M0 s2: {'coverage': 0.9045, 'radius_m': 97.51949464780179, 'ineff_median': 168.5, 'mode': 'M0', 'seed': 2}
  M1 ep 0 crit 8.2232
  M1 ep 20 crit 7.0647
  M1 ep 40 crit 6.7907
  M1 ep 60 crit 6.6028
  M1 ep 80 crit 6.5007
  M1 ep 100 crit 6.4672
  M1 ep 120 crit 6.4173
  M1 ep 140 crit 6.3931
  M1 ep 160 crit 6.3757
  M1 ep 180 crit 6.3701
  M1 s2: {'coverage': 0.905, 'radius_m': 74.4110656230443, 'ineff_median': 104.75, 'mode': 'M1', 'seed': 2}
  M0 ep 0 crit 7.9838
  M0 ep 20 crit 7.3307
  M0 ep 40 crit 6.8729
  M0 ep 60 crit 6.7052
  M0 ep 80 crit 6.6325
  M0 ep 100 crit 6.6057
  M0 ep 120 crit 6.6237
  M0 s3: {'coverage': 0.886, 'radius_m': 95.45562276136552, 'ineff_median': 158.2, 'mode': 'M0', 'seed': 3}
  M1 ep 0 crit 8.2246
  M1 ep 20 crit 7.0991
  M1 ep 40 crit 6.7519
  M1 ep 60 crit 6.5791
  M1 ep 80 crit 6.4898
  M1 ep 100 crit 6.4461
  M1 ep 120 crit 6.3767
  M1 ep 140 crit 6.3455
  M1 ep 160 crit 6.3495
  M1 ep 180 crit 6.3398
  M1 s3: {'coverage': 0.896, 'radius_m': 73.09395153338976, 'ineff_median': 94.5, 'mode': 'M1', 'seed': 3}
== raw teacher ==
  M1 ep 0 crit 8.3492
  M1 ep 20 crit 7.8810
  M1 ep 40 crit 7.3710
  M1 ep 60 crit 7.3316
  M1 ep 80 crit 7.4133
  raw: {'coverage': 0.8985, 'radius_m': 134.34544648319093, 'ineff_median': 322.5}
CH4T CAMPAIGN DONE
{
  "oracle_radius_m": 6.9692348287217625,
  "seeds": [
    {
      "coverage": 0.89,
      "radius_m": 93.76146528139473,
      "ineff_median": 158.5,
      "mode": "M0",
      "seed": 1
    },
    {
      "coverage": 0.898,
      "radius_m": 73.82127244758681,
      "ineff_median": 100.0,
      "mode": "M1",
      "seed": 1
    },
    {
      "coverage": 0.9045,
      "radius_m": 97.51949464780179,
      "ineff_median": 168.5,
      "mode": "M0",
      "seed": 2
    },
    {
      "coverage": 0.905,
      "radius_m": 74.4110656230443,
      "ineff_median": 104.75,
      "mode": "M1",
      "seed": 2
    },
    {
      "coverage": 0.886,
      "radius_m": 95.45562276136552,
      "ineff_median": 158.2,
      "mode": "M0",
      "seed": 3
    },
    {
      "coverage": 0.896,
      "radius_m": 73.09395153338976,
      "ineff_median": 94.5,
      "mode": "M1",
      "seed": 3
    }
  ],
  "raw_teacher": {
    "coverage": 0.8985,
    "radius_m": 134.34544648319093,
    "ineff_median": 322.5
  },
  "wilcoxon_p": 1.117875445391786e-62,
  "frac_M1_sharper": 0.649
}
