=== val posteriors (teacher-CE early stop + selection) ===
exact posteriors: val (grid 64x64)
  500/1000  (31 ms/scen)
  1000/1000  (31 ms/scen)
  done in 31s, max |1-sum(p)| = 5.61e-14
=== train distill lambda=1.0 ===
distill seed 1: 4.87M params
/usr4/spclpgm/eric1/conformal-source-regions/src/train.py:209: UserWarning: Converting a tensor with requires_grad=True to a scalar may lead to unexpected behavior.
Consider using tensor.detach() first. (Triggered internally at /pytorch/torch/csrc/autograd/generated/python_variable_methods.cpp:836.)
  tot_loss += float(loss)
epoch   0 loss 8.4184 val_nll 8.3541 best 8.3541@0
epoch   1 loss 8.3042 val_nll 8.2868 best 8.2868@1
epoch   2 loss 8.2566 val_nll 8.2739 best 8.2739@2
epoch   3 loss 8.2101 val_nll 8.2076 best 8.2076@3
epoch   4 loss 8.1587 val_nll 8.1752 best 8.1752@4
epoch   5 loss 8.1364 val_nll 8.1546 best 8.1546@5
epoch   6 loss 8.1185 val_nll 8.1502 best 8.1502@6
epoch   7 loss 8.1136 val_nll 8.1482 best 8.1482@7
epoch   8 loss 8.0989 val_nll 8.1363 best 8.1363@8
epoch   9 loss 8.0863 val_nll 8.1334 best 8.1334@9
epoch  10 loss 8.0697 val_nll 8.1097 best 8.1097@10
epoch  11 loss 8.0471 val_nll 8.1039 best 8.1039@11
epoch  12 loss 8.0236 val_nll 8.0848 best 8.0848@12
epoch  13 loss 7.9794 val_nll 8.0524 best 8.0524@13
epoch  14 loss 7.8905 val_nll 8.0070 best 8.0070@14
epoch  15 loss 7.7720 val_nll 7.8943 best 7.8943@15
epoch  16 loss 7.6516 val_nll 7.8081 best 7.8081@16
epoch  17 loss 7.5420 val_nll 7.7244 best 7.7244@17
epoch  18 loss 7.4511 val_nll 7.6485 best 7.6485@18
epoch  19 loss 7.3763 val_nll 7.5807 best 7.5807@19
epoch  20 loss 7.2793 val_nll 7.5206 best 7.5206@20
epoch  21 loss 7.2286 val_nll 7.4707 best 7.4707@21
epoch  22 loss 7.1540 val_nll 7.4329 best 7.4329@22
epoch  23 loss 7.1051 val_nll 7.4193 best 7.4193@23
epoch  24 loss 7.0617 val_nll 7.3701 best 7.3701@24
epoch  25 loss 7.0165 val_nll 7.3406 best 7.3406@25
epoch  26 loss 6.9701 val_nll 7.3162 best 7.3162@26
epoch  27 loss 6.9215 val_nll 7.2808 best 7.2808@27
epoch  28 loss 6.8901 val_nll 7.2700 best 7.2700@28
epoch  29 loss 6.8495 val_nll 7.2628 best 7.2628@29
epoch  30 loss 6.8165 val_nll 7.2479 best 7.2479@30
epoch  31 loss 6.7865 val_nll 7.2284 best 7.2284@31
epoch  32 loss 6.7472 val_nll 7.2098 best 7.2098@32
epoch  33 loss 6.7106 val_nll 7.2054 best 7.2054@33
epoch  34 loss 6.6706 val_nll 7.2049 best 7.2049@34
epoch  35 loss 6.6484 val_nll 7.1879 best 7.1879@35
epoch  37 loss 6.5718 val_nll 7.1819 best 7.1819@37
epoch  38 loss 6.5690 val_nll 7.1754 best 7.1754@38
epoch  39 loss 6.5304 val_nll 7.1335 best 7.1335@39
epoch  40 loss 6.5099 val_nll 7.1422 best 7.1335@39
epoch  50 loss 6.2159 val_nll 7.1556 best 7.1335@39
epoch  60 loss 5.9518 val_nll 7.1792 best 7.1335@39
early stop at epoch 64
[G2] model2_seed1: val MAP mean 0.2071 median 0.1450 | peak-sensor mean 0.3665 median 0.3458 | 0.01 GPU-h
=== train distill lambda=0.5 ===
distill seed 1: 4.87M params
/usr4/spclpgm/eric1/conformal-source-regions/src/train.py:209: UserWarning: Converting a tensor with requires_grad=True to a scalar may lead to unexpected behavior.
Consider using tensor.detach() first. (Triggered internally at /pytorch/torch/csrc/autograd/generated/python_variable_methods.cpp:836.)
  tot_loss += float(loss)
epoch   0 loss 8.2465 val_nll 8.3076 best 8.3076@0
epoch   1 loss 8.1711 val_nll 8.2786 best 8.2786@1
epoch   2 loss 8.1517 val_nll 8.2619 best 8.2619@2
epoch   3 loss 8.1338 val_nll 8.2277 best 8.2277@3
epoch   4 loss 8.1126 val_nll 8.1850 best 8.1850@4
epoch   5 loss 8.0950 val_nll 8.1586 best 8.1586@5
epoch   7 loss 8.0723 val_nll 8.1456 best 8.1456@7
epoch   8 loss 8.0513 val_nll 8.1207 best 8.1207@8
epoch   9 loss 7.9951 val_nll 8.0534 best 8.0534@9
epoch  10 loss 7.8558 val_nll 7.8586 best 7.8586@10
epoch  11 loss 7.6070 val_nll 7.6291 best 7.6291@11
epoch  12 loss 7.4349 val_nll 7.4849 best 7.4849@12
epoch  13 loss 7.3087 val_nll 7.3848 best 7.3848@13
epoch  14 loss 7.2277 val_nll 7.3221 best 7.3221@14
epoch  15 loss 7.1532 val_nll 7.2351 best 7.2351@15
epoch  17 loss 7.0450 val_nll 7.1742 best 7.1742@17
epoch  18 loss 6.9972 val_nll 7.1366 best 7.1366@18
epoch  19 loss 6.9617 val_nll 7.1028 best 7.1028@19
epoch  20 loss 6.9086 val_nll 7.0622 best 7.0622@20
epoch  21 loss 6.8735 val_nll 7.0298 best 7.0298@21
epoch  22 loss 6.8238 val_nll 7.0026 best 7.0026@22
epoch  23 loss 6.8028 val_nll 6.9532 best 6.9532@23
epoch  24 loss 6.7784 val_nll 6.9431 best 6.9431@24
epoch  25 loss 6.7625 val_nll 6.9189 best 6.9189@25
epoch  27 loss 6.6852 val_nll 6.9041 best 6.9041@27
epoch  29 loss 6.6535 val_nll 6.8963 best 6.8963@29
epoch  30 loss 6.6275 val_nll 6.8771 best 6.8771@30
epoch  31 loss 6.6140 val_nll 6.8721 best 6.8721@31
epoch  32 loss 6.5983 val_nll 6.8354 best 6.8354@32
epoch  34 loss 6.5561 val_nll 6.8206 best 6.8206@34
epoch  35 loss 6.5494 val_nll 6.8182 best 6.8182@35
epoch  37 loss 6.4966 val_nll 6.8103 best 6.8103@37
epoch  38 loss 6.5057 val_nll 6.7838 best 6.7838@38
epoch  39 loss 6.4866 val_nll 6.7693 best 6.7693@39
epoch  40 loss 6.4551 val_nll 6.7559 best 6.7559@40
epoch  41 loss 6.4493 val_nll 6.7502 best 6.7502@41
epoch  42 loss 6.4356 val_nll 6.7416 best 6.7416@42
epoch  45 loss 6.4000 val_nll 6.7209 best 6.7209@45
epoch  47 loss 6.3571 val_nll 6.7017 best 6.7017@47
epoch  48 loss 6.3437 val_nll 6.6959 best 6.6959@48
epoch  49 loss 6.3403 val_nll 6.6882 best 6.6882@49
epoch  50 loss 6.3145 val_nll 6.6789 best 6.6789@50
epoch  54 loss 6.2704 val_nll 6.6591 best 6.6591@54
epoch  57 loss 6.2388 val_nll 6.6535 best 6.6535@57
epoch  60 loss 6.1986 val_nll 6.6852 best 6.6535@57
epoch  62 loss 6.1730 val_nll 6.6486 best 6.6486@62
epoch  63 loss 6.1674 val_nll 6.6413 best 6.6413@63
epoch  64 loss 6.1296 val_nll 6.6366 best 6.6366@64
epoch  65 loss 6.1510 val_nll 6.6289 best 6.6289@65
epoch  69 loss 6.1038 val_nll 6.6279 best 6.6279@69
epoch  70 loss 6.1058 val_nll 6.6335 best 6.6279@69
epoch  72 loss 6.0915 val_nll 6.6205 best 6.6205@72
epoch  78 loss 6.0086 val_nll 6.6190 best 6.6190@78
epoch  80 loss 5.9818 val_nll 6.6004 best 6.6004@80
epoch  90 loss 5.9151 val_nll 6.5979 best 6.5979@90
epoch  95 loss 5.8470 val_nll 6.5937 best 6.5937@95
epoch 100 loss 5.8064 val_nll 6.6207 best 6.5937@95
epoch 110 loss 5.7283 val_nll 6.5991 best 6.5937@95
epoch 118 loss 5.6561 val_nll 6.5875 best 6.5875@118
epoch 120 loss 5.6535 val_nll 6.6161 best 6.5875@118
epoch 130 loss 5.5797 val_nll 6.6404 best 6.5875@118
epoch 140 loss 5.5285 val_nll 6.6239 best 6.5875@118
early stop at epoch 143
[G2] model2_seed1: val MAP mean 0.1755 median 0.1079 | peak-sensor mean 0.3665 median 0.3458 | 0.02 GPU-h
=== select variant on val ===
{'stem': 'model2_lam10', 'epoch': 39, 'val_hpd90_area_median': 0.19677734375, 'val_hpd90_area_mean': 0.348248779296875, 'val_hpd90_coverage': 0.932, 'val_teacher_ce': 7.133510787159361}
{'stem': 'model2_lam05', 'epoch': 118, 'val_hpd90_area_median': 0.064208984375, 'val_hpd90_area_mean': 0.23924365234375, 'val_hpd90_coverage': 0.885, 'val_teacher_ce': 6.5875077071927475}
winner: model2_lam05
=== conformal model2 ===
[model2_seed1] coverage@90 = 0.8875 CI [0.8728, 0.9010] contains 0.90: True | area mean 0.2448 median 0.0634
=== audit model2 ===
{
  "h2": {
    "spearman_area": 0.8688628895558902,
    "spearman_p": 0.0,
    "inefficiency_mean": 41.980140850355745,
    "inefficiency_median": 4.7983050847457624
  },
  "map_error": {
    "learned_mean": 0.17712990813802104,
    "learned_median": 0.10243310524944621,
    "exact_mean": 0.16023777154216712,
    "exact_median": 0.022668104127897146,
    "peak_sensor_mean": 0.35560398282612177,
    "peak_sensor_median": 0.3150528444401277,
    "learned_p50_p90_p99": [
      0.10243310524944621,
      0.4481792076803341,
      0.7728705752670351
    ]
  },
  "nll_mean": 6.474823474884033,
  "jsd_mean": 0.5154946735795807,
  "jsd_median": 0.653943333963176,
  "latency_ms_per_scenario": 0.5315446853637695
}
=== dose model2 ===
/usr4/spclpgm/eric1/conformal-source-regions/src/dose_response.py:104: ConstantInputWarning: An input array is constant; the correlation coefficient is not defined.
  k1_rho = [spearmanr(curves_l[b], curves_e[b]).statistic for b in range(B)]
/usr4/spclpgm/eric1/conformal-source-regions/src/dose_response.py:154: ConstantInputWarning: An input array is constant; the correlation coefficient is not defined.
  k3_rho = [spearmanr(sw_l[b], sw_e[b]).statistic for b in range(B)]
{
  "knob1": {
    "spearman_per_scenario_mean": 0.709904067224785,
    "spearman_per_scenario_median": 0.8355727485873495,
    "slope_ratio_mean_curves": 0.8235730642015096,
    "slope_ratio_per_scenario_median": 0.8168898841565824,
    "slope_learned_mean": -0.028449462890624996,
    "slope_exact_mean": -0.0345439453125
  },
  "knob2": {
    "confined_over_spread_learned_mean": 3.3659237204566854,
    "confined_over_spread_exact_mean": 177.71666261300487,
    "confined_over_spread_learned_median": 1.129180100391466,
    "confined_over_spread_exact_median": 1.5765870639859552,
    "spearman_ratio_agreement": 0.8767767970155627,
    "confined_broader_learned_frac": 0.6,
    "confined_broader_exact_frac": 0.64
  },
  "knob3": {
    "spearman_per_scenario_mean": 0.57764749307088,
    "spearman_per_scenario_median": 0.6785714285714287,
    "slope_ratio_mean_curves": 0.5722611325045874,
    "slope_ratio_per_scenario_median": 0.6135986733001659,
    "slope_learned_mean": 0.046336146763392864,
    "slope_exact_mean": 0.08097028459821429
  },
  "Ns": [
    4,
    5,
    6,
    7,
    8,
    9,
    10,
    11,
    12
  ],
  "sigma_values": [
    0.010000000000000004,
    0.014677992676220697,
    0.02154434690031885,
    0.0316227766016838,
    0.046415888336127815,
    0.06812920690579614,
    0.10000000000000002
  ]
}
=== figures ===
fig3 done
fig4 done
fig5 done (flagship scenario 39)
fig2 done (geometry scenario 0)
fig1 done
=== DISTILL2 CHAIN DONE ===
exit: 0
