/usr4/spclpgm/eric1/conformal-source-regions/src/memorization_curves.py:53: UserWarning: Converting a tensor with requires_grad=True to a scalar may lead to unexpected behavior.
Consider using tensor.detach() first. (Triggered internally at /pytorch/torch/csrc/autograd/generated/python_variable_methods.cpp:836.)
  tot += float(loss)
aug=True epoch  0 loss 8.0882 val 7.9760
aug=True epoch  1 loss 7.9923 val 7.9483
aug=True epoch  2 loss 7.9718 val 7.9371
aug=True epoch  3 loss 7.9674 val 7.9503
aug=True epoch  4 loss 7.9638 val 7.9466
aug=True epoch  5 loss 7.9564 val 7.9298
aug=True epoch  6 loss 7.9486 val 7.9380
aug=True epoch  7 loss 7.9419 val 7.9293
aug=True epoch  8 loss 7.9250 val 7.8947
aug=True epoch  9 loss 7.8750 val 7.8343
aug=True epoch 10 loss 7.7782 val 7.7441
aug=True epoch 11 loss 7.6301 val 7.5955
aug=True epoch 12 loss 7.3967 val 7.2867
aug=True epoch 13 loss 7.1995 val 7.1384
aug=True epoch 14 loss 7.0935 val 7.0606
aug=True epoch 15 loss 7.0099 val 6.9819
aug=True epoch 16 loss 6.9413 val 6.9374
aug=True epoch 17 loss 6.8913 val 6.9122
aug=True epoch 18 loss 6.8386 val 6.8637
aug=True epoch 19 loss 6.8032 val 6.8435
aug=True epoch 20 loss 6.7472 val 6.8102
aug=True epoch 21 loss 6.7132 val 6.7934
aug=True epoch 22 loss 6.6705 val 6.7341
aug=True epoch 23 loss 6.6581 val 6.7245
aug=True epoch 24 loss 6.6221 val 6.6907
aug=True epoch 25 loss 6.6056 val 6.6603
aug=True epoch 26 loss 6.5723 val 6.6719
aug=True epoch 27 loss 6.5451 val 6.6037
aug=True epoch 28 loss 6.5251 val 6.6219
aug=True epoch 29 loss 6.5053 val 6.6296
aug=True epoch 30 loss 6.4822 val 6.5857
aug=True epoch 31 loss 6.4701 val 6.5822
aug=True epoch 32 loss 6.4539 val 6.5521
aug=True epoch 33 loss 6.4366 val 6.5603
aug=True epoch 34 loss 6.4256 val 6.5629
aug=True epoch 35 loss 6.4022 val 6.5359
aug=True epoch 36 loss 6.3932 val 6.5450
aug=True epoch 37 loss 6.3633 val 6.5215
aug=True epoch 38 loss 6.3731 val 6.5598
aug=True epoch 39 loss 6.3546 val 6.4709
aug=False epoch  0 loss 8.0865 val 7.9688
aug=False epoch  1 loss 7.9610 val 7.9659
aug=False epoch  2 loss 7.9309 val 7.9636
aug=False epoch  3 loss 7.8767 val 7.9950
aug=False epoch  4 loss 7.7391 val 8.0550
aug=False epoch  5 loss 7.5210 val 8.0961
aug=False epoch  6 loss 7.2816 val 8.0546
aug=False epoch  7 loss 7.0608 val 8.0363
aug=False epoch  8 loss 6.8583 val 8.0163
aug=False epoch  9 loss 6.6678 val 8.0050
aug=False epoch 10 loss 6.4905 val 8.0107
aug=False epoch 11 loss 6.3314 val 7.9820
aug=False epoch 12 loss 6.1564 val 7.9930
aug=False epoch 13 loss 5.9958 val 7.9799
aug=False epoch 14 loss 5.8299 val 7.9919
aug=False epoch 15 loss 5.6841 val 7.9792
aug=False epoch 16 loss 5.5201 val 7.9755
aug=False epoch 17 loss 5.3747 val 7.9873
aug=False epoch 18 loss 5.2304 val 7.9869
aug=False epoch 19 loss 5.0721 val 8.0087
aug=False epoch 20 loss 4.9362 val 8.0125
aug=False epoch 21 loss 4.7986 val 8.0079
aug=False epoch 22 loss 4.6575 val 8.0283
aug=False epoch 23 loss 4.5334 val 8.0206
aug=False epoch 24 loss 4.4152 val 8.0433
aug=False epoch 25 loss 4.2928 val 8.0412
aug=False epoch 26 loss 4.1820 val 8.0696
aug=False epoch 27 loss 4.0727 val 8.0852
aug=False epoch 28 loss 3.9598 val 8.1188
aug=False epoch 29 loss 3.8569 val 8.1292
aug=False epoch 30 loss 3.7567 val 8.1367
aug=False epoch 31 loss 3.6670 val 8.1814
aug=False epoch 32 loss 3.5711 val 8.1838
aug=False epoch 33 loss 3.4906 val 8.1828
aug=False epoch 34 loss 3.3995 val 8.2316
aug=False epoch 35 loss 3.3202 val 8.2487
aug=False epoch 36 loss 3.2474 val 8.2845
aug=False epoch 37 loss 3.1727 val 8.2854
aug=False epoch 38 loss 3.1067 val 8.2790
aug=False epoch 39 loss 3.0454 val 8.3572
fig6 done
fig7 done
fig8 done
fig9 done
fig10 done
fig11 done
fig12 done
EXTRA FIGURES DONE
exit: 0
