NPEFlowPhys params: 0.85M
  ep 0 val_nll -0.6135
  ep 25 val_nll -2.1474
  ep 50 val_nll -2.4903
  ep 75 val_nll -2.5387
  ep 100 val_nll -2.6355
  ep 125 val_nll -2.7372
  ep 150 val_nll -2.7250
  ep 175 val_nll -2.7420
  ep 200 val_nll -2.8207
  ep 225 val_nll -2.7812
  ep 250 val_nll -2.7272
  ep 275 val_nll -2.7148
  ep 300 val_nll -2.6949
  ep 325 val_nll -2.6224
  ep 350 val_nll -2.6488
  ep 375 val_nll -2.5931
  ep 400 val_nll -2.5077
  ep 425 val_nll -2.4887
  ep 450 val_nll -2.4512
  ep 475 val_nll -2.4031
{"tag": "flow_phys_seed1", "coverage": 0.9055, "median_radius_m": 59.29995740880153, "wilcoxon_p_sharper_than_recipe": 1.0, "frac_sharper_than_recipe": 0.413}
NPEFlowPhys params: 0.85M
Traceback (most recent call last):
  File "/usr4/spclpgm/eric1/conformal-source-regions/src/flow_phys.py", line 225, in <module>
    main()
  File "/usr4/spclpgm/eric1/conformal-source-regions/src/flow_phys.py", line 154, in main
    tgt = teacher[idx].gather(1, inv[codes])
          ^^^^^^^^^^^^^^^^^^^^^^^^^^^^^^^^^^
RuntimeError: Expected all tensors to be on the same device, but got index is on cuda:0, different from other tensors on cpu (when checking argument in method wrapper_CUDA_gather)
