=== smoke: 2-epoch end-to-end of anneal+sinkhorn Thu Jul 23 15:19:22 EDT 2026
  anneal ep 0 crit 2435.00000
  anneal ep 1 crit 2447.00000
{"tag": "lever_anneal", "coverage": 0.9115, "median_radius_m": 218.17155959453353, "wilcoxon_p_vs_M1": 1.0, "frac_sharper_than_M1": 0.1405}
  sinkhorn ep 0 crit 2867.00000
  sinkhorn ep 1 crit 3404.00000
{"tag": "lever_sinkhorn", "coverage": 0.914, "median_radius_m": 243.42490751646494, "wilcoxon_p_vs_M1": 1.0, "frac_sharper_than_M1": 0.031}
smoke lever_anneal cov 0.9115 rad 218.2
smoke lever_sinkhorn cov 0.914 rad 243.4
=== anneal (full) Thu Jul 23 15:19:43 EDT 2026
  anneal ep 0 crit 2435.00000
  anneal ep 1 crit 2361.00000
  anneal ep 2 crit 2264.50000
  anneal ep 3 crit 2377.00000
  anneal ep 4 crit 2428.00000
  anneal ep 20 crit 748.50000
  anneal ep 40 crit 473.50000
  anneal ep 60 crit 434.00000
  anneal ep 80 crit 468.50000
  anneal ep 100 crit 445.50000
  anneal ep 120 crit 487.00000
  anneal ep 140 crit 543.50000
  anneal ep 160 crit 530.50000
  anneal ep 180 crit 520.00000
{"tag": "lever_anneal", "coverage": 0.8875, "median_radius_m": 87.15724073711046, "wilcoxon_p_vs_M1": 1.0, "frac_sharper_than_M1": 0.196}
=== sinkhorn (full) Thu Jul 23 15:21:47 EDT 2026
  sinkhorn ep 0 crit 2867.00000
  sinkhorn ep 1 crit 3501.00000
  sinkhorn ep 2 crit 3445.50000
  sinkhorn ep 3 crit 3664.50000
  sinkhorn ep 4 crit 3853.00000
  sinkhorn ep 20 crit 3939.00000
  sinkhorn ep 40 crit 4058.00000
  sinkhorn ep 60 crit 4068.00000
  sinkhorn ep 80 crit 4064.00000
  sinkhorn ep 100 crit 4027.00000
  sinkhorn ep 120 crit 3983.00000
  sinkhorn ep 140 crit 3983.50000
  sinkhorn ep 160 crit 3959.50000
  sinkhorn ep 180 crit 3971.50000
{"tag": "lever_sinkhorn", "coverage": 0.914, "median_radius_m": 243.42490751646494, "wilcoxon_p_vs_M1": 1.0, "frac_sharper_than_M1": 0.031}
=== gen_suffstats Thu Jul 23 15:25:15 EDT 2026
  train 2000/10000
  train 4000/10000
  train 6000/10000
  train 8000/10000
  train 10000/10000
  train: saved
  val: saved
  calib 2000/2000
  calib: saved
  test 2000/2000
  test: saved
=== suffstats (full) Thu Jul 23 15:26:27 EDT 2026
  suffstats ep 0 crit 6.24030
  suffstats ep 1 crit 5.73448
  suffstats ep 2 crit 5.64604
  suffstats ep 3 crit 5.59976
  suffstats ep 4 crit 5.56697
  suffstats ep 20 crit 5.40764
  suffstats ep 40 crit 5.40477
  suffstats ep 60 crit 5.41737
  suffstats ep 80 crit 5.45713
  suffstats ep 100 crit 5.48177
  suffstats ep 120 crit 5.50415
  suffstats ep 140 crit 5.52111
  suffstats ep 160 crit 5.52774
  suffstats ep 180 crit 5.53800
{"tag": "lever_suffstats", "coverage": 0.893, "median_radius_m": 49.27993207070625, "wilcoxon_p_vs_M1": 3.0291354688143275e-279, "frac_sharper_than_M1": 0.908}
=== LEVERS CHAIN DONE Thu Jul 23 15:29:09 EDT 2026
