=== train M2 curriculum sigma_end=0.30 ===
distill seed 1: 4.87M params
/usr4/spclpgm/eric1/conformal-source-regions/src/train.py:284: UserWarning: Converting a tensor with requires_grad=True to a scalar may lead to unexpected behavior.
Consider using tensor.detach() first. (Triggered internally at /pytorch/torch/csrc/autograd/generated/python_variable_methods.cpp:836.)
  tot_loss += float(loss)
epoch   0 loss 8.2887 val_nll 0.7244 best 0.7244@0 sigma 0.75
epoch   1 loss 8.2231 val_nll 0.6948 best 0.6948@1 sigma 0.75
epoch   2 loss 8.1451 val_nll 0.6096 best 0.6096@2 sigma 0.75
epoch   3 loss 8.1234 val_nll 0.5963 best 0.5963@3 sigma 0.75
epoch   4 loss 8.1018 val_nll 0.6050 best 0.5963@3 sigma 0.75
epoch   5 loss 8.0582 val_nll 0.5824 best 0.5824@5 sigma 0.75
epoch   6 loss 7.8437 val_nll 0.4862 best 0.4862@6 sigma 0.75
epoch   7 loss 7.5506 val_nll 0.3849 best 0.3849@7 sigma 0.75
epoch   8 loss 7.3620 val_nll 0.3248 best 0.3248@8 sigma 0.75
epoch   9 loss 7.2449 val_nll 0.2821 best 0.2821@9 sigma 0.75
epoch  10 loss 7.1614 val_nll 0.2562 best 0.2562@10 sigma 0.75
epoch  11 loss 7.0684 val_nll 0.2310 best 0.2310@11 sigma 0.75
epoch  12 loss 7.0175 val_nll 0.2155 best 0.2155@12 sigma 0.75
epoch  13 loss 6.9672 val_nll 0.2032 best 0.2032@13 sigma 0.75
epoch  14 loss 6.9212 val_nll 0.1925 best 0.1925@14 sigma 0.75
epoch  15 loss 6.8756 val_nll 0.1820 best 0.1820@15 sigma 0.75
epoch  16 loss 6.8482 val_nll 0.1719 best 0.1719@16 sigma 0.75
epoch  17 loss 6.8143 val_nll 0.1659 best 0.1659@17 sigma 0.75
epoch  18 loss 6.7934 val_nll 0.1595 best 0.1595@18 sigma 0.75
epoch  19 loss 6.7716 val_nll 0.1547 best 0.1547@19 sigma 0.75
epoch  20 loss 6.7252 val_nll 0.1479 best 0.1479@20 sigma 0.75
epoch  21 loss 6.7077 val_nll 0.1483 best 0.1479@20 sigma 0.75
epoch  22 loss 6.6728 val_nll 0.1375 best 0.1375@22 sigma 0.75
epoch  23 loss 6.6573 val_nll 0.1361 best 0.1361@23 sigma 0.75
epoch  24 loss 6.6416 val_nll 0.1348 best 0.1348@24 sigma 0.75
epoch  25 loss 6.6312 val_nll 0.1270 best 0.1270@25 sigma 0.75
epoch  26 loss 6.6028 val_nll 0.1208 best 0.1208@26 sigma 0.75
epoch  27 loss 6.5672 val_nll 0.1238 best 0.1208@26 sigma 0.75
epoch  28 loss 6.5554 val_nll 0.1234 best 0.1208@26 sigma 0.75
epoch  29 loss 6.5455 val_nll 0.1173 best 0.1173@29 sigma 0.75
epoch  30 loss 6.5179 val_nll 0.1151 best 0.1151@30 sigma 0.75
epoch  31 loss 6.5019 val_nll 0.1096 best 0.1096@31 sigma 0.75
epoch  32 loss 6.4939 val_nll 0.1080 best 0.1080@32 sigma 0.74
epoch  33 loss 6.4721 val_nll 0.1075 best 0.1075@33 sigma 0.74
epoch  34 loss 6.4604 val_nll 0.1047 best 0.1047@34 sigma 0.73
epoch  35 loss 6.4551 val_nll 0.1030 best 0.1030@35 sigma 0.73
epoch  36 loss 6.4494 val_nll 0.1014 best 0.1014@36 sigma 0.73
epoch  37 loss 6.4019 val_nll 0.0972 best 0.0972@37 sigma 0.72
epoch  38 loss 6.4189 val_nll 0.1005 best 0.0972@37 sigma 0.72
epoch  39 loss 6.4007 val_nll 0.0962 best 0.0962@39 sigma 0.71
epoch  40 loss 6.3862 val_nll 0.0991 best 0.0962@39 sigma 0.71
epoch  41 loss 6.3682 val_nll 0.0952 best 0.0952@41 sigma 0.70
epoch  42 loss 6.3656 val_nll 0.0970 best 0.0952@41 sigma 0.70
epoch  43 loss 6.3632 val_nll 0.0934 best 0.0934@43 sigma 0.70
epoch  44 loss 6.3447 val_nll 0.0929 best 0.0929@44 sigma 0.69
epoch  45 loss 6.3346 val_nll 0.0927 best 0.0927@45 sigma 0.69
epoch  46 loss 6.3281 val_nll 0.0947 best 0.0927@45 sigma 0.68
epoch  47 loss 6.2950 val_nll 0.0874 best 0.0874@47 sigma 0.68
epoch  48 loss 6.2914 val_nll 0.0887 best 0.0874@47 sigma 0.68
epoch  49 loss 6.2771 val_nll 0.0875 best 0.0874@47 sigma 0.67
epoch  50 loss 6.2639 val_nll 0.0876 best 0.0874@47 sigma 0.67
epoch  51 loss 6.2521 val_nll 0.0846 best 0.0846@51 sigma 0.66
epoch  52 loss 6.2504 val_nll 0.0865 best 0.0846@51 sigma 0.66
epoch  53 loss 6.2467 val_nll 0.0815 best 0.0815@53 sigma 0.66
epoch  54 loss 6.2374 val_nll 0.0826 best 0.0815@53 sigma 0.65
epoch  55 loss 6.2250 val_nll 0.0835 best 0.0815@53 sigma 0.65
epoch  56 loss 6.2088 val_nll 0.0802 best 0.0802@56 sigma 0.64
epoch  57 loss 6.2076 val_nll 0.0815 best 0.0802@56 sigma 0.64
epoch  58 loss 6.1830 val_nll 0.0796 best 0.0796@58 sigma 0.64
epoch  59 loss 6.1750 val_nll 0.0781 best 0.0781@59 sigma 0.63
epoch  60 loss 6.1559 val_nll 0.0782 best 0.0781@59 sigma 0.63
epoch  61 loss 6.1725 val_nll 0.0789 best 0.0781@59 sigma 0.62
epoch  62 loss 6.1369 val_nll 0.0798 best 0.0781@59 sigma 0.62
epoch  63 loss 6.1396 val_nll 0.0778 best 0.0778@63 sigma 0.61
epoch  64 loss 6.1021 val_nll 0.0782 best 0.0778@63 sigma 0.61
epoch  65 loss 6.1143 val_nll 0.0752 best 0.0752@65 sigma 0.61
epoch  66 loss 6.0998 val_nll 0.0768 best 0.0752@65 sigma 0.60
epoch  67 loss 6.0942 val_nll 0.0740 best 0.0740@67 sigma 0.60
epoch  68 loss 6.0817 val_nll 0.0774 best 0.0740@67 sigma 0.59
epoch  69 loss 6.0715 val_nll 0.0759 best 0.0740@67 sigma 0.59
epoch  70 loss 6.0641 val_nll 0.0734 best 0.0734@70 sigma 0.59
epoch  71 loss 6.0502 val_nll 0.0730 best 0.0730@71 sigma 0.58
epoch  72 loss 6.0543 val_nll 0.0713 best 0.0713@72 sigma 0.58
epoch  73 loss 6.0190 val_nll 0.0707 best 0.0707@73 sigma 0.57
epoch  74 loss 6.0139 val_nll 0.0704 best 0.0704@74 sigma 0.57
epoch  75 loss 6.0120 val_nll 0.0702 best 0.0702@75 sigma 0.57
epoch  76 loss 5.9841 val_nll 0.0737 best 0.0702@75 sigma 0.56
epoch  77 loss 5.9660 val_nll 0.0718 best 0.0702@75 sigma 0.56
epoch  78 loss 5.9527 val_nll 0.0696 best 0.0696@78 sigma 0.55
epoch  79 loss 5.9546 val_nll 0.0699 best 0.0696@78 sigma 0.55
epoch  80 loss 5.9185 val_nll 0.0690 best 0.0690@80 sigma 0.55
epoch  81 loss 5.9166 val_nll 0.0686 best 0.0686@81 sigma 0.54
epoch  82 loss 5.8938 val_nll 0.0692 best 0.0686@81 sigma 0.54
epoch  83 loss 5.9023 val_nll 0.0679 best 0.0679@83 sigma 0.53
epoch  84 loss 5.8684 val_nll 0.0713 best 0.0679@83 sigma 0.53
epoch  85 loss 5.8385 val_nll 0.0698 best 0.0679@83 sigma 0.53
epoch  86 loss 5.8227 val_nll 0.0702 best 0.0679@83 sigma 0.52
epoch  87 loss 5.8295 val_nll 0.0687 best 0.0679@83 sigma 0.52
epoch  88 loss 5.7908 val_nll 0.0668 best 0.0668@88 sigma 0.51
epoch  89 loss 5.8071 val_nll 0.0665 best 0.0665@89 sigma 0.51
epoch  90 loss 5.7965 val_nll 0.0677 best 0.0665@89 sigma 0.50
epoch  91 loss 5.7773 val_nll 0.0686 best 0.0665@89 sigma 0.50
epoch  92 loss 5.7531 val_nll 0.0682 best 0.0665@89 sigma 0.50
epoch  93 loss 5.7088 val_nll 0.0667 best 0.0665@89 sigma 0.49
epoch  94 loss 5.7169 val_nll 0.0679 best 0.0665@89 sigma 0.49
epoch  95 loss 5.7018 val_nll 0.0664 best 0.0664@95 sigma 0.48
epoch  96 loss 5.6736 val_nll 0.0680 best 0.0664@95 sigma 0.48
epoch  97 loss 5.6831 val_nll 0.0671 best 0.0664@95 sigma 0.48
epoch  98 loss 5.6495 val_nll 0.0625 best 0.0625@98 sigma 0.47
epoch  99 loss 5.6155 val_nll 0.0642 best 0.0625@98 sigma 0.47
epoch 100 loss 5.6032 val_nll 0.0652 best 0.0625@98 sigma 0.46
epoch 101 loss 5.5844 val_nll 0.0620 best 0.0620@101 sigma 0.46
epoch 102 loss 5.5645 val_nll 0.0645 best 0.0620@101 sigma 0.46
epoch 103 loss 5.5538 val_nll 0.0659 best 0.0620@101 sigma 0.45
epoch 104 loss 5.5169 val_nll 0.0623 best 0.0620@101 sigma 0.45
epoch 105 loss 5.5079 val_nll 0.0619 best 0.0619@105 sigma 0.44
epoch 106 loss 5.4667 val_nll 0.0626 best 0.0619@105 sigma 0.44
epoch 107 loss 5.4343 val_nll 0.0629 best 0.0619@105 sigma 0.43
epoch 108 loss 5.4618 val_nll 0.0614 best 0.0614@108 sigma 0.43
epoch 109 loss 5.4063 val_nll 0.0625 best 0.0614@108 sigma 0.43
epoch 110 loss 5.4001 val_nll inf best 0.0614@108 sigma 0.42
epoch 111 loss 5.3431 val_nll 0.0625 best 0.0614@108 sigma 0.42
epoch 112 loss 5.3422 val_nll 0.0631 best 0.0614@108 sigma 0.41
epoch 113 loss 5.3078 val_nll 0.0607 best 0.0607@113 sigma 0.41
epoch 114 loss 5.3151 val_nll 0.0627 best 0.0607@113 sigma 0.41
epoch 115 loss 5.2577 val_nll 0.0627 best 0.0607@113 sigma 0.40
epoch 116 loss 5.2329 val_nll inf best 0.0607@113 sigma 0.40
epoch 117 loss 5.2328 val_nll inf best 0.0607@113 sigma 0.39
epoch 118 loss 5.1994 val_nll inf best 0.0607@113 sigma 0.39
epoch 119 loss 5.1760 val_nll inf best 0.0607@113 sigma 0.39
epoch 120 loss 5.1747 val_nll inf best 0.0607@113 sigma 0.38
epoch 121 loss 5.1504 val_nll inf best 0.0607@113 sigma 0.38
epoch 122 loss 5.1039 val_nll inf best 0.0607@113 sigma 0.37
epoch 123 loss 5.0616 val_nll inf best 0.0607@113 sigma 0.37
epoch 124 loss 5.0545 val_nll inf best 0.0607@113 sigma 0.37
epoch 125 loss 5.0606 val_nll inf best 0.0607@113 sigma 0.36
epoch 126 loss 5.0073 val_nll inf best 0.0607@113 sigma 0.36
epoch 127 loss 4.9930 val_nll inf best 0.0607@113 sigma 0.35
epoch 128 loss 4.9684 val_nll inf best 0.0607@113 sigma 0.35
epoch 129 loss 4.9476 val_nll inf best 0.0607@113 sigma 0.34
epoch 130 loss 4.9391 val_nll inf best 0.0607@113 sigma 0.34
epoch 131 loss 4.9186 val_nll inf best 0.0607@113 sigma 0.34
epoch 132 loss 4.8781 val_nll inf best 0.0607@113 sigma 0.33
epoch 133 loss 4.8975 val_nll inf best 0.0607@113 sigma 0.33
epoch 134 loss 4.8133 val_nll inf best 0.0607@113 sigma 0.32
epoch 135 loss 4.8222 val_nll inf best 0.0607@113 sigma 0.32
epoch 136 loss 4.7981 val_nll inf best 0.0607@113 sigma 0.32
epoch 137 loss 4.7699 val_nll inf best 0.0607@113 sigma 0.31
epoch 138 loss 4.7637 val_nll inf best 0.0607@113 sigma 0.31
epoch 139 loss 4.7641 val_nll inf best 0.0607@113 sigma 0.30
epoch 140 loss 4.7438 val_nll inf best 0.0607@113 sigma 0.30
epoch 150 loss 4.6145 val_nll inf best 0.0607@113 sigma 0.30
epoch 160 loss 4.5310 val_nll inf best 0.0607@113 sigma 0.30
early stop at epoch 164
[G2] model3_seed1: val MAP mean 0.1797 median 0.1013 | peak-sensor mean 0.3665 median 0.3458 | 0.04 GPU-h
=== train M2 curriculum sigma_end=0.15 ===
distill seed 1: 4.87M params
/usr4/spclpgm/eric1/conformal-source-regions/src/train.py:284: UserWarning: Converting a tensor with requires_grad=True to a scalar may lead to unexpected behavior.
Consider using tensor.detach() first. (Triggered internally at /pytorch/torch/csrc/autograd/generated/python_variable_methods.cpp:836.)
  tot_loss += float(loss)
epoch   0 loss 8.2887 val_nll 0.7244 best 0.7244@0 sigma 0.75
epoch   1 loss 8.2231 val_nll 0.6948 best 0.6948@1 sigma 0.75
epoch   2 loss 8.1451 val_nll 0.6096 best 0.6096@2 sigma 0.75
epoch   3 loss 8.1234 val_nll 0.5963 best 0.5963@3 sigma 0.75
epoch   4 loss 8.1018 val_nll 0.6050 best 0.5963@3 sigma 0.75
epoch   5 loss 8.0582 val_nll 0.5824 best 0.5824@5 sigma 0.75
epoch   6 loss 7.8437 val_nll 0.4862 best 0.4862@6 sigma 0.75
epoch   7 loss 7.5506 val_nll 0.3849 best 0.3849@7 sigma 0.75
epoch   8 loss 7.3620 val_nll 0.3248 best 0.3248@8 sigma 0.75
epoch   9 loss 7.2449 val_nll 0.2821 best 0.2821@9 sigma 0.75
epoch  10 loss 7.1614 val_nll 0.2562 best 0.2562@10 sigma 0.75
epoch  11 loss 7.0684 val_nll 0.2310 best 0.2310@11 sigma 0.75
epoch  12 loss 7.0175 val_nll 0.2155 best 0.2155@12 sigma 0.75
epoch  13 loss 6.9672 val_nll 0.2032 best 0.2032@13 sigma 0.75
epoch  14 loss 6.9212 val_nll 0.1925 best 0.1925@14 sigma 0.75
epoch  15 loss 6.8756 val_nll 0.1820 best 0.1820@15 sigma 0.75
epoch  16 loss 6.8482 val_nll 0.1719 best 0.1719@16 sigma 0.75
epoch  17 loss 6.8143 val_nll 0.1659 best 0.1659@17 sigma 0.75
epoch  18 loss 6.7934 val_nll 0.1595 best 0.1595@18 sigma 0.75
epoch  19 loss 6.7716 val_nll 0.1547 best 0.1547@19 sigma 0.75
epoch  20 loss 6.7252 val_nll 0.1479 best 0.1479@20 sigma 0.75
epoch  21 loss 6.7077 val_nll 0.1483 best 0.1479@20 sigma 0.75
epoch  22 loss 6.6728 val_nll 0.1375 best 0.1375@22 sigma 0.75
epoch  23 loss 6.6573 val_nll 0.1361 best 0.1361@23 sigma 0.75
epoch  24 loss 6.6416 val_nll 0.1348 best 0.1348@24 sigma 0.75
epoch  25 loss 6.6312 val_nll 0.1270 best 0.1270@25 sigma 0.75
epoch  26 loss 6.6028 val_nll 0.1208 best 0.1208@26 sigma 0.75
epoch  27 loss 6.5672 val_nll 0.1238 best 0.1208@26 sigma 0.75
epoch  28 loss 6.5554 val_nll 0.1234 best 0.1208@26 sigma 0.75
epoch  29 loss 6.5455 val_nll 0.1173 best 0.1173@29 sigma 0.75
epoch  30 loss 6.5179 val_nll 0.1151 best 0.1151@30 sigma 0.75
epoch  31 loss 6.5019 val_nll 0.1095 best 0.1095@31 sigma 0.74
epoch  32 loss 6.4933 val_nll 0.1080 best 0.1080@32 sigma 0.74
epoch  33 loss 6.4730 val_nll 0.1066 best 0.1066@33 sigma 0.73
epoch  34 loss 6.4581 val_nll 0.1047 best 0.1047@34 sigma 0.73
epoch  35 loss 6.4535 val_nll 0.1031 best 0.1031@35 sigma 0.72
epoch  36 loss 6.4493 val_nll 0.1010 best 0.1010@36 sigma 0.72
epoch  37 loss 6.4010 val_nll 0.0978 best 0.0978@37 sigma 0.71
epoch  38 loss 6.4179 val_nll 0.1000 best 0.0978@37 sigma 0.71
epoch  39 loss 6.4000 val_nll 0.0962 best 0.0962@39 sigma 0.70
epoch  40 loss 6.3855 val_nll 0.0994 best 0.0962@39 sigma 0.70
epoch  41 loss 6.3672 val_nll 0.0945 best 0.0945@41 sigma 0.69
epoch  42 loss 6.3613 val_nll 0.0978 best 0.0945@41 sigma 0.68
epoch  43 loss 6.3613 val_nll 0.0938 best 0.0938@43 sigma 0.68
epoch  44 loss 6.3421 val_nll 0.0931 best 0.0931@44 sigma 0.67
epoch  45 loss 6.3315 val_nll 0.0922 best 0.0922@45 sigma 0.67
epoch  46 loss 6.3226 val_nll 0.0938 best 0.0922@45 sigma 0.66
epoch  47 loss 6.2891 val_nll 0.0880 best 0.0880@47 sigma 0.66
epoch  48 loss 6.2893 val_nll 0.0885 best 0.0880@47 sigma 0.65
epoch  49 loss 6.2705 val_nll 0.0874 best 0.0874@49 sigma 0.65
epoch  50 loss 6.2596 val_nll 0.0887 best 0.0874@49 sigma 0.64
epoch  51 loss 6.2467 val_nll 0.0845 best 0.0845@51 sigma 0.64
epoch  52 loss 6.2423 val_nll 0.0872 best 0.0845@51 sigma 0.63
epoch  53 loss 6.2400 val_nll 0.0823 best 0.0823@53 sigma 0.62
epoch  54 loss 6.2290 val_nll 0.0830 best 0.0823@53 sigma 0.62
epoch  55 loss 6.2150 val_nll 0.0842 best 0.0823@53 sigma 0.61
epoch  56 loss 6.1978 val_nll 0.0812 best 0.0812@56 sigma 0.61
epoch  57 loss 6.1955 val_nll 0.0826 best 0.0812@56 sigma 0.60
epoch  58 loss 6.1720 val_nll 0.0806 best 0.0806@58 sigma 0.60
epoch  59 loss 6.1610 val_nll 0.0790 best 0.0790@59 sigma 0.59
epoch  60 loss 6.1404 val_nll 0.0780 best 0.0780@60 sigma 0.59
epoch  61 loss 6.1519 val_nll 0.0779 best 0.0779@61 sigma 0.58
epoch  62 loss 6.1225 val_nll 0.0802 best 0.0779@61 sigma 0.58
epoch  63 loss 6.1147 val_nll 0.0778 best 0.0778@63 sigma 0.57
epoch  64 loss 6.0768 val_nll 0.0775 best 0.0775@64 sigma 0.56
epoch  65 loss 6.0851 val_nll 0.0757 best 0.0757@65 sigma 0.56
epoch  66 loss 6.0721 val_nll 0.0769 best 0.0757@65 sigma 0.55
epoch  67 loss 6.0621 val_nll 0.0747 best 0.0747@67 sigma 0.55
epoch  68 loss 6.0490 val_nll 0.0769 best 0.0747@67 sigma 0.54
epoch  69 loss 6.0360 val_nll 0.0762 best 0.0747@67 sigma 0.54
epoch  70 loss 6.0271 val_nll 0.0741 best 0.0741@70 sigma 0.53
epoch  71 loss 6.0068 val_nll 0.0742 best 0.0741@70 sigma 0.53
epoch  72 loss 6.0078 val_nll 0.0715 best 0.0715@72 sigma 0.52
epoch  73 loss 5.9695 val_nll 0.0715 best 0.0715@72 sigma 0.52
epoch  74 loss 5.9592 val_nll 0.0721 best 0.0715@72 sigma 0.51
epoch  75 loss 5.9545 val_nll 0.0706 best 0.0706@75 sigma 0.50
epoch  76 loss 5.9203 val_nll 0.0737 best 0.0706@75 sigma 0.50
epoch  77 loss 5.8963 val_nll 0.0723 best 0.0706@75 sigma 0.49
epoch  78 loss 5.8799 val_nll 0.0699 best 0.0699@78 sigma 0.49
epoch  79 loss 5.8759 val_nll 0.0691 best 0.0691@79 sigma 0.48
epoch  80 loss 5.8322 val_nll 0.0687 best 0.0687@80 sigma 0.48
epoch  81 loss 5.8267 val_nll 0.0692 best 0.0687@80 sigma 0.47
epoch  82 loss 5.7983 val_nll 0.0704 best 0.0687@80 sigma 0.47
epoch  83 loss 5.7970 val_nll 0.0684 best 0.0684@83 sigma 0.46
epoch  84 loss 5.7572 val_nll 0.0713 best 0.0684@83 sigma 0.46
epoch  85 loss 5.7180 val_nll 0.0709 best 0.0684@83 sigma 0.45
epoch  86 loss 5.6966 val_nll 0.0703 best 0.0684@83 sigma 0.44
epoch  87 loss 5.6959 val_nll 0.0701 best 0.0684@83 sigma 0.44
epoch  88 loss 5.6435 val_nll 0.0676 best 0.0676@88 sigma 0.43
epoch  89 loss 5.6527 val_nll 0.0680 best 0.0676@88 sigma 0.43
epoch  90 loss 5.6431 val_nll 0.0680 best 0.0676@88 sigma 0.42
epoch  91 loss 5.6085 val_nll 0.0682 best 0.0676@88 sigma 0.42
epoch  92 loss 5.5768 val_nll 0.0684 best 0.0676@88 sigma 0.41
epoch  93 loss 5.5172 val_nll 0.0665 best 0.0665@93 sigma 0.41
epoch  94 loss 5.5226 val_nll 0.0674 best 0.0665@93 sigma 0.40
epoch  95 loss 5.4931 val_nll 0.0651 best 0.0651@95 sigma 0.40
epoch  96 loss 5.4544 val_nll 0.0693 best 0.0651@95 sigma 0.39
epoch  97 loss 5.4580 val_nll 0.0667 best 0.0651@95 sigma 0.38
epoch  98 loss 5.4187 val_nll 0.0626 best 0.0626@98 sigma 0.38
epoch  99 loss 5.3654 val_nll 0.0638 best 0.0626@98 sigma 0.37
epoch 100 loss 5.3525 val_nll 0.0645 best 0.0626@98 sigma 0.37
epoch 101 loss 5.3272 val_nll 0.0610 best 0.0610@101 sigma 0.36
epoch 102 loss 5.2982 val_nll inf best 0.0610@101 sigma 0.36
epoch 103 loss 5.2839 val_nll inf best 0.0610@101 sigma 0.35
epoch 104 loss 5.2354 val_nll inf best 0.0610@101 sigma 0.35
epoch 105 loss 5.2260 val_nll inf best 0.0610@101 sigma 0.34
epoch 106 loss 5.1773 val_nll inf best 0.0610@101 sigma 0.34
epoch 107 loss 5.1401 val_nll inf best 0.0610@101 sigma 0.33
epoch 108 loss 5.1680 val_nll inf best 0.0610@101 sigma 0.32
epoch 109 loss 5.1042 val_nll inf best 0.0610@101 sigma 0.32
epoch 110 loss 5.1012 val_nll inf best 0.0610@101 sigma 0.31
epoch 111 loss 5.0377 val_nll inf best 0.0610@101 sigma 0.31
epoch 112 loss 5.0384 val_nll inf best 0.0610@101 sigma 0.30
epoch 113 loss 5.0006 val_nll inf best 0.0610@101 sigma 0.30
epoch 114 loss 5.0189 val_nll inf best 0.0610@101 sigma 0.29
epoch 115 loss 4.9635 val_nll inf best 0.0610@101 sigma 0.29
epoch 116 loss 4.9338 val_nll inf best 0.0610@101 sigma 0.28
epoch 117 loss 4.9436 val_nll inf best 0.0610@101 sigma 0.28
epoch 118 loss 4.9172 val_nll inf best 0.0610@101 sigma 0.27
epoch 119 loss 4.8973 val_nll inf best 0.0610@101 sigma 0.26
epoch 120 loss 4.9016 val_nll inf best 0.0610@101 sigma 0.26
epoch 121 loss 4.8832 val_nll inf best 0.0610@101 sigma 0.25
epoch 122 loss 4.8462 val_nll inf best 0.0610@101 sigma 0.25
epoch 123 loss 4.8053 val_nll inf best 0.0610@101 sigma 0.24
epoch 124 loss 4.8028 val_nll inf best 0.0610@101 sigma 0.24
epoch 125 loss 4.8246 val_nll inf best 0.0610@101 sigma 0.23
epoch 126 loss 4.7741 val_nll inf best 0.0610@101 sigma 0.23
epoch 127 loss 4.7690 val_nll inf best 0.0610@101 sigma 0.22
epoch 128 loss 4.7493 val_nll inf best 0.0610@101 sigma 0.22
epoch 129 loss 4.7347 val_nll inf best 0.0610@101 sigma 0.21
epoch 130 loss 4.7377 val_nll inf best 0.0610@101 sigma 0.20
epoch 131 loss 4.7228 val_nll inf best 0.0610@101 sigma 0.20
epoch 132 loss 4.6878 val_nll inf best 0.0610@101 sigma 0.19
epoch 133 loss 4.7170 val_nll inf best 0.0610@101 sigma 0.19
epoch 134 loss 4.6372 val_nll inf best 0.0610@101 sigma 0.18
epoch 135 loss 4.6524 val_nll inf best 0.0610@101 sigma 0.18
epoch 136 loss 4.6339 val_nll inf best 0.0610@101 sigma 0.17
epoch 137 loss 4.6105 val_nll inf best 0.0610@101 sigma 0.17
epoch 138 loss 4.6081 val_nll inf best 0.0610@101 sigma 0.16
epoch 139 loss 4.6159 val_nll inf best 0.0610@101 sigma 0.16
epoch 140 loss 4.5982 val_nll inf best 0.0610@101 sigma 0.15
epoch 150 loss 4.4725 val_nll inf best 0.0610@101 sigma 0.15
epoch 160 loss 4.3930 val_nll inf best 0.0610@101 sigma 0.15
early stop at epoch 164
[G2] model3_seed1: val MAP mean 0.1807 median 0.1077 | peak-sensor mean 0.3665 median 0.3458 | 0.04 GPU-h
=== train M2 curriculum sigma_end=0.0 ===
distill seed 1: 4.87M params
/usr4/spclpgm/eric1/conformal-source-regions/src/train.py:284: UserWarning: Converting a tensor with requires_grad=True to a scalar may lead to unexpected behavior.
Consider using tensor.detach() first. (Triggered internally at /pytorch/torch/csrc/autograd/generated/python_variable_methods.cpp:836.)
  tot_loss += float(loss)
epoch   0 loss 8.2887 val_nll 0.7244 best 0.7244@0 sigma 0.75
epoch   1 loss 8.2231 val_nll 0.6948 best 0.6948@1 sigma 0.75
epoch   2 loss 8.1451 val_nll 0.6096 best 0.6096@2 sigma 0.75
epoch   3 loss 8.1234 val_nll 0.5963 best 0.5963@3 sigma 0.75
epoch   4 loss 8.1018 val_nll 0.6050 best 0.5963@3 sigma 0.75
epoch   5 loss 8.0582 val_nll 0.5824 best 0.5824@5 sigma 0.75
epoch   6 loss 7.8437 val_nll 0.4862 best 0.4862@6 sigma 0.75
epoch   7 loss 7.5506 val_nll 0.3849 best 0.3849@7 sigma 0.75
epoch   8 loss 7.3620 val_nll 0.3248 best 0.3248@8 sigma 0.75
epoch   9 loss 7.2449 val_nll 0.2821 best 0.2821@9 sigma 0.75
epoch  10 loss 7.1614 val_nll 0.2562 best 0.2562@10 sigma 0.75
epoch  11 loss 7.0684 val_nll 0.2310 best 0.2310@11 sigma 0.75
epoch  12 loss 7.0175 val_nll 0.2155 best 0.2155@12 sigma 0.75
epoch  13 loss 6.9672 val_nll 0.2032 best 0.2032@13 sigma 0.75
epoch  14 loss 6.9212 val_nll 0.1925 best 0.1925@14 sigma 0.75
epoch  15 loss 6.8756 val_nll 0.1820 best 0.1820@15 sigma 0.75
epoch  16 loss 6.8482 val_nll 0.1719 best 0.1719@16 sigma 0.75
epoch  17 loss 6.8143 val_nll 0.1659 best 0.1659@17 sigma 0.75
epoch  18 loss 6.7934 val_nll 0.1595 best 0.1595@18 sigma 0.75
epoch  19 loss 6.7716 val_nll 0.1547 best 0.1547@19 sigma 0.75
epoch  20 loss 6.7252 val_nll 0.1479 best 0.1479@20 sigma 0.75
epoch  21 loss 6.7077 val_nll 0.1483 best 0.1479@20 sigma 0.75
epoch  22 loss 6.6728 val_nll 0.1375 best 0.1375@22 sigma 0.75
epoch  23 loss 6.6573 val_nll 0.1361 best 0.1361@23 sigma 0.75
epoch  24 loss 6.6416 val_nll 0.1348 best 0.1348@24 sigma 0.75
epoch  25 loss 6.6312 val_nll 0.1270 best 0.1270@25 sigma 0.75
epoch  26 loss 6.6028 val_nll 0.1208 best 0.1208@26 sigma 0.75
epoch  27 loss 6.5672 val_nll 0.1238 best 0.1208@26 sigma 0.75
epoch  28 loss 6.5554 val_nll 0.1234 best 0.1208@26 sigma 0.75
epoch  29 loss 6.5455 val_nll 0.1173 best 0.1173@29 sigma 0.75
epoch  30 loss 6.5179 val_nll 0.1151 best 0.1151@30 sigma 0.75
epoch  31 loss 6.5018 val_nll 0.1094 best 0.1094@31 sigma 0.74
epoch  32 loss 6.4931 val_nll 0.1082 best 0.1082@32 sigma 0.74
epoch  33 loss 6.4732 val_nll 0.1067 best 0.1067@33 sigma 0.73
epoch  34 loss 6.4577 val_nll 0.1050 best 0.1050@34 sigma 0.72
epoch  35 loss 6.4533 val_nll 0.1033 best 0.1033@35 sigma 0.72
epoch  36 loss 6.4471 val_nll 0.1013 best 0.1013@36 sigma 0.71
epoch  37 loss 6.3998 val_nll 0.0981 best 0.0981@37 sigma 0.70
epoch  38 loss 6.4164 val_nll 0.1001 best 0.0981@37 sigma 0.70
epoch  39 loss 6.3972 val_nll 0.0959 best 0.0959@39 sigma 0.69
epoch  40 loss 6.3832 val_nll 0.1000 best 0.0959@39 sigma 0.68
epoch  41 loss 6.3640 val_nll 0.0947 best 0.0947@41 sigma 0.68
epoch  42 loss 6.3615 val_nll 0.0978 best 0.0947@41 sigma 0.67
epoch  43 loss 6.3575 val_nll 0.0939 best 0.0939@43 sigma 0.66
epoch  44 loss 6.3401 val_nll 0.0940 best 0.0939@43 sigma 0.65
epoch  45 loss 6.3276 val_nll 0.0918 best 0.0918@45 sigma 0.65
epoch  46 loss 6.3179 val_nll 0.0946 best 0.0918@45 sigma 0.64
epoch  47 loss 6.2839 val_nll 0.0881 best 0.0881@47 sigma 0.63
epoch  48 loss 6.2839 val_nll 0.0886 best 0.0881@47 sigma 0.63
epoch  49 loss 6.2646 val_nll 0.0875 best 0.0875@49 sigma 0.62
epoch  50 loss 6.2521 val_nll 0.0892 best 0.0875@49 sigma 0.61
epoch  51 loss 6.2391 val_nll 0.0841 best 0.0841@51 sigma 0.61
epoch  52 loss 6.2330 val_nll 0.0876 best 0.0841@51 sigma 0.60
epoch  53 loss 6.2303 val_nll 0.0813 best 0.0813@53 sigma 0.59
epoch  54 loss 6.2174 val_nll 0.0828 best 0.0813@53 sigma 0.59
epoch  55 loss 6.2024 val_nll 0.0850 best 0.0813@53 sigma 0.58
epoch  56 loss 6.1873 val_nll 0.0823 best 0.0813@53 sigma 0.57
epoch  57 loss 6.1783 val_nll 0.0820 best 0.0813@53 sigma 0.57
epoch  58 loss 6.1572 val_nll 0.0796 best 0.0796@58 sigma 0.56
epoch  59 loss 6.1444 val_nll 0.0785 best 0.0785@59 sigma 0.55
epoch  60 loss 6.1219 val_nll 0.0796 best 0.0785@59 sigma 0.55
epoch  61 loss 6.1314 val_nll 0.0787 best 0.0785@59 sigma 0.54
epoch  62 loss 6.0947 val_nll 0.0811 best 0.0785@59 sigma 0.53
epoch  63 loss 6.0886 val_nll 0.0786 best 0.0785@59 sigma 0.53
epoch  64 loss 6.0470 val_nll 0.0778 best 0.0778@64 sigma 0.52
epoch  65 loss 6.0527 val_nll 0.0762 best 0.0762@65 sigma 0.51
epoch  66 loss 6.0372 val_nll 0.0776 best 0.0762@65 sigma 0.50
epoch  67 loss 6.0214 val_nll 0.0751 best 0.0751@67 sigma 0.50
epoch  68 loss 6.0057 val_nll 0.0778 best 0.0751@67 sigma 0.49
epoch  69 loss 5.9873 val_nll 0.0768 best 0.0751@67 sigma 0.48
epoch  70 loss 5.9734 val_nll 0.0737 best 0.0737@70 sigma 0.48
epoch  71 loss 5.9482 val_nll 0.0756 best 0.0737@70 sigma 0.47
epoch  72 loss 5.9444 val_nll 0.0720 best 0.0720@72 sigma 0.46
epoch  73 loss 5.9021 val_nll 0.0736 best 0.0720@72 sigma 0.46
epoch  74 loss 5.8802 val_nll 0.0723 best 0.0720@72 sigma 0.45
epoch  75 loss 5.8712 val_nll 0.0713 best 0.0713@75 sigma 0.44
epoch  76 loss 5.8326 val_nll 0.0725 best 0.0713@75 sigma 0.44
epoch  77 loss 5.7989 val_nll 0.0721 best 0.0713@75 sigma 0.43
epoch  78 loss 5.7757 val_nll 0.0708 best 0.0708@78 sigma 0.42
epoch  79 loss 5.7662 val_nll 0.0692 best 0.0692@79 sigma 0.42
epoch  80 loss 5.7097 val_nll 0.0696 best 0.0692@79 sigma 0.41
epoch  81 loss 5.7022 val_nll 0.0704 best 0.0692@79 sigma 0.40
epoch  82 loss 5.6676 val_nll 0.0725 best 0.0692@79 sigma 0.40
epoch  83 loss 5.6558 val_nll 0.0686 best 0.0686@83 sigma 0.39
epoch  84 loss 5.6081 val_nll 0.0714 best 0.0686@83 sigma 0.38
epoch  85 loss 5.5588 val_nll 0.0715 best 0.0686@83 sigma 0.38
epoch  86 loss 5.5367 val_nll 0.0706 best 0.0686@83 sigma 0.37
epoch  87 loss 5.5260 val_nll 0.0688 best 0.0686@83 sigma 0.36
epoch  88 loss 5.4679 val_nll 0.0677 best 0.0677@88 sigma 0.35
epoch  89 loss 5.4719 val_nll 0.0686 best 0.0677@88 sigma 0.35
epoch  90 loss 5.4626 val_nll 0.0690 best 0.0677@88 sigma 0.34
epoch  91 loss 5.4202 val_nll 0.0688 best 0.0677@88 sigma 0.33
epoch  92 loss 5.3880 val_nll 0.0676 best 0.0676@92 sigma 0.33
epoch  93 loss 5.3221 val_nll inf best 0.0676@92 sigma 0.32
epoch  94 loss 5.3316 val_nll inf best 0.0676@92 sigma 0.31
epoch  95 loss 5.3024 val_nll inf best 0.0676@92 sigma 0.31
epoch  96 loss 5.2588 val_nll 0.0695 best 0.0676@92 sigma 0.30
epoch  97 loss 5.2688 val_nll inf best 0.0676@92 sigma 0.29
epoch  98 loss 5.2339 val_nll inf best 0.0676@92 sigma 0.29
epoch  99 loss 5.1789 val_nll inf best 0.0676@92 sigma 0.28
epoch 100 loss 5.1750 val_nll inf best 0.0676@92 sigma 0.27
epoch 101 loss 5.1567 val_nll inf best 0.0676@92 sigma 0.27
epoch 102 loss 5.1301 val_nll inf best 0.0676@92 sigma 0.26
epoch 103 loss 5.1236 val_nll inf best 0.0676@92 sigma 0.25
epoch 104 loss 5.0791 val_nll inf best 0.0676@92 sigma 0.25
epoch 105 loss 5.0783 val_nll inf best 0.0676@92 sigma 0.24
epoch 106 loss 5.0343 val_nll inf best 0.0676@92 sigma 0.23
epoch 107 loss 5.0038 val_nll inf best 0.0676@92 sigma 0.23
epoch 108 loss 5.0412 val_nll inf best 0.0676@92 sigma 0.22
epoch 109 loss 4.9799 val_nll inf best 0.0676@92 sigma 0.21
epoch 110 loss 4.9864 val_nll inf best 0.0676@92 sigma 0.20
epoch 111 loss 4.9260 val_nll inf best 0.0676@92 sigma 0.20
epoch 112 loss 4.9309 val_nll inf best 0.0676@92 sigma 0.19
epoch 113 loss 4.8977 val_nll inf best 0.0676@92 sigma 0.18
epoch 114 loss 4.9206 val_nll inf best 0.0676@92 sigma 0.18
epoch 115 loss 4.8698 val_nll inf best 0.0676@92 sigma 0.17
epoch 116 loss 4.8421 val_nll inf best 0.0676@92 sigma 0.16
epoch 117 loss 4.8559 val_nll inf best 0.0676@92 sigma 0.16
epoch 118 loss 4.8329 val_nll inf best 0.0676@92 sigma 0.15
epoch 119 loss 4.8136 val_nll inf best 0.0676@92 sigma 0.14
epoch 120 loss 4.8190 val_nll inf best 0.0676@92 sigma 0.14
epoch 121 loss 4.8017 val_nll inf best 0.0676@92 sigma 0.13
epoch 122 loss 4.7696 val_nll inf best 0.0676@92 sigma 0.12
epoch 123 loss 4.7285 val_nll inf best 0.0676@92 sigma 0.12
epoch 124 loss 4.7263 val_nll inf best 0.0676@92 sigma 0.11
epoch 125 loss 4.7498 val_nll inf best 0.0676@92 sigma 0.10
epoch 126 loss 4.6984 val_nll inf best 0.0676@92 sigma 0.10
epoch 127 loss 4.6970 val_nll inf best 0.0676@92 sigma 0.09
epoch 128 loss 4.6754 val_nll inf best 0.0676@92 sigma 0.08
epoch 129 loss 4.6658 val_nll inf best 0.0676@92 sigma 0.07
epoch 130 loss 4.6653 val_nll inf best 0.0676@92 sigma 0.07
epoch 131 loss 4.6512 val_nll inf best 0.0676@92 sigma 0.06
epoch 132 loss 4.6163 val_nll inf best 0.0676@92 sigma 0.05
epoch 133 loss 4.6485 val_nll inf best 0.0676@92 sigma 0.05
epoch 134 loss 4.5679 val_nll inf best 0.0676@92 sigma 0.04
epoch 135 loss 4.5855 val_nll inf best 0.0676@92 sigma 0.03
epoch 136 loss 4.5650 val_nll inf best 0.0676@92 sigma 0.03
epoch 137 loss 4.5432 val_nll inf best 0.0676@92 sigma 0.02
epoch 138 loss 4.5418 val_nll inf best 0.0676@92 sigma 0.01
epoch 139 loss 4.5502 val_nll inf best 0.0676@92 sigma 0.01
epoch 140 loss 4.5328 val_nll inf best 0.0676@92 sigma 0.00
epoch 150 loss 4.4097 val_nll inf best 0.0676@92 sigma 0.00
epoch 160 loss 4.3300 val_nll inf best 0.0676@92 sigma 0.00
early stop at epoch 164
[G2] model3_seed1: val MAP mean 0.1831 median 0.1131 | peak-sensor mean 0.3665 median 0.3458 | 0.04 GPU-h
=== select M2 variant on val ===
{'stem': 'model3_s030', 'epoch': 113, 'val_hpd90_area_median': 0.0606689453125, 'val_hpd90_area_mean': 0.23946044921875, 'val_hpd90_coverage': 0.854, 'val_teacher_ce': 6.569436956963912}
{'stem': 'model3_s015', 'epoch': 101, 'val_hpd90_area_median': 0.06103515625, 'val_hpd90_area_mean': 0.2409765625, 'val_hpd90_coverage': 0.855, 'val_teacher_ce': 6.628754570939609}
{'stem': 'model3_s00', 'epoch': 92, 'val_hpd90_area_median': 0.067626953125, 'val_hpd90_area_mean': 0.246227783203125, 'val_hpd90_coverage': 0.865, 'val_teacher_ce': 6.636554863092711}
winner: model3_s030
=== conformal model3 ===
Traceback (most recent call last):
  File "/usr4/spclpgm/eric1/conformal-source-regions/src/run_conformal.py", line 106, in <module>
    main()
  File "/usr4/spclpgm/eric1/conformal-source-regions/src/run_conformal.py", line 61, in main
    P_calib = get_probs(tag, "calib", cfg, device)
              ^^^^^^^^^^^^^^^^^^^^^^^^^^^^^^^^^^^^
  File "/usr4/spclpgm/eric1/conformal-source-regions/src/run_conformal.py", line 44, in get_probs
    raise ValueError(tag)
ValueError: model3_seed1
=== audit model3 ===
Traceback (most recent call last):
  File "/usr4/spclpgm/eric1/conformal-source-regions/src/audit.py", line 120, in <module>
    main()
  File "/usr4/spclpgm/eric1/conformal-source-regions/src/audit.py", line 49, in main
    P_learn = np.load(data_dir / f"heatmaps_{tag}_test.npz")["probs"]
              ^^^^^^^^^^^^^^^^^^^^^^^^^^^^^^^^^^^^^^^^^^^^^^
  File "/share/pkg.8/academic-ml/spring-2026/install/spring-2026-pyt/lib/python3.12/site-packages/numpy/lib/_npyio_impl.py", line 451, in load
    fid = stack.enter_context(open(os.fspath(file), "rb"))
                              ^^^^^^^^^^^^^^^^^^^^^^^^^^^
FileNotFoundError: [Errno 2] No such file or directory: '/usr4/spclpgm/eric1/conformal-source-regions/data/heatmaps_model3_seed1_test.npz'
=== dose model3 ===
Traceback (most recent call last):
  File "/usr4/spclpgm/eric1/conformal-source-regions/src/dose_response.py", line 187, in <module>
    main()
  File "/usr4/spclpgm/eric1/conformal-source-regions/src/dose_response.py", line 85, in main
    qhat_l = tail_threshold(np.load(data_dir / f"scores_{tag}.npz")["tails"], alpha)
                            ^^^^^^^^^^^^^^^^^^^^^^^^^^^^^^^^^^^^^^^
  File "/share/pkg.8/academic-ml/spring-2026/install/spring-2026-pyt/lib/python3.12/site-packages/numpy/lib/_npyio_impl.py", line 451, in load
    fid = stack.enter_context(open(os.fspath(file), "rb"))
                              ^^^^^^^^^^^^^^^^^^^^^^^^^^^
FileNotFoundError: [Errno 2] No such file or directory: '/usr4/spclpgm/eric1/conformal-source-regions/data/scores_model3_seed1.npz'
=== M2 CHAIN DONE ===
exit: 0
