  ep 0 val_nll 6.6500
  ep 25 val_nll 6.0647
  ep 50 val_nll 6.2270
  ep 75 val_nll 6.3957
  ep 100 val_nll 6.5329
  ep 125 val_nll 6.6593
  ep 150 val_nll 6.7474
  ep 175 val_nll 6.7908
{"tag": "s_det_labels", "coverage": 0.9085, "median_radius_m": 81.69179986416707}
  ep 0 val_nll 6.5930
  ep 25 val_nll 6.0793
  ep 50 val_nll 6.1946
  ep 75 val_nll 6.3929
  ep 100 val_nll 6.5312
  ep 125 val_nll 6.6444
  ep 150 val_nll 6.7075
  ep 175 val_nll 6.7733
{"tag": "s_det_labels_seed2", "coverage": 0.9155, "median_radius_m": 84.89889716671047}
  ep 0 val_nll 6.6156
  ep 25 val_nll 6.0563
  ep 50 val_nll 6.2082
  ep 75 val_nll 6.3892
  ep 100 val_nll 6.5730
  ep 125 val_nll 6.6628
  ep 150 val_nll 6.7383
  ep 175 val_nll 6.7981
{"tag": "s_det_labels_seed3", "coverage": 0.919, "median_radius_m": 84.09415012145404}
  ep 0 val_nll 6.7079
  ep 25 val_nll 5.8551
  ep 50 val_nll 6.0369
  ep 75 val_nll 6.2296
  ep 100 val_nll 6.3909
  ep 125 val_nll 6.5136
  ep 150 val_nll 6.5890
  ep 175 val_nll 6.6442
{"tag": "s_ens_labels", "coverage": 0.8995, "median_radius_m": 75.44820366496596}
  ep 0 val_nll 6.5370
  ep 25 val_nll 5.8516
  ep 50 val_nll 5.9605
  ep 75 val_nll 6.1605
  ep 100 val_nll 6.2994
  ep 125 val_nll 6.4214
  ep 150 val_nll 6.5047
  ep 175 val_nll 6.5661
{"tag": "s_ens_labels_seed2", "coverage": 0.903, "median_radius_m": 75.12563611825402}
  ep 0 val_nll 6.5833
  ep 25 val_nll 5.8708
  ep 50 val_nll 5.9980
  ep 75 val_nll 6.1931
  ep 100 val_nll 6.3714
  ep 125 val_nll 6.5006
  ep 150 val_nll 6.5791
  ep 175 val_nll 6.6211
{"tag": "s_ens_labels_seed3", "coverage": 0.894, "median_radius_m": 74.67170062637717}
  suffstats ep 0 crit 6.30819
  suffstats ep 1 crit 6.09710
  suffstats ep 2 crit 5.94214
  suffstats ep 3 crit 5.87885
  suffstats ep 4 crit 5.84007
  suffstats ep 20 crit 5.72722
  suffstats ep 40 crit 5.61822
  suffstats ep 60 crit 5.63163
  suffstats ep 80 crit 5.63110
  suffstats ep 100 crit 5.69238
  suffstats ep 120 crit 5.70184
  suffstats ep 140 crit 5.73238
  suffstats ep 160 crit 5.76033
  suffstats ep 180 crit 5.77850
{"tag": "lever_suffstats_labels_zonly", "coverage": 0.883, "median_radius_m": 65.00469495747637, "wilcoxon_p_vs_M1": 1.1360579731583983e-150, "frac_sharper_than_M1": 0.776}
  suffstats ep 0 crit 8.00087
  suffstats ep 1 crit 7.96654
  suffstats ep 2 crit 7.95105
  suffstats ep 3 crit 7.96123
  suffstats ep 4 crit 7.94009
  suffstats ep 20 crit 7.72366
  suffstats ep 40 crit 6.98504
  suffstats ep 60 crit 6.80591
  suffstats ep 80 crit 6.70556
  suffstats ep 100 crit 6.68621
  suffstats ep 120 crit 6.64513
  suffstats ep 140 crit 6.65392
  suffstats ep 160 crit 6.65961
  suffstats ep 180 crit 6.67035
{"tag": "lever_suffstats_labels_logbonly", "coverage": 0.8965, "median_radius_m": 98.51057188319494, "wilcoxon_p_vs_M1": 1.0, "frac_sharper_than_M1": 0.333}
NODISTILL DONE
