  train: smear 2000/10000
  train: smear 4000/10000
  train: smear 6000/10000
  train: smear 8000/10000
  train: smear 10000/10000
  train: smear maps saved
  val: smear maps saved
  calib: smear 2000/2000
  calib: smear maps saved
  test: smear 2000/2000
  test: smear maps saved
  scen 1675: corr 0.9999, top-decile median rel err 0.016
  scen 523: corr 0.9996, top-decile median rel err 0.036
=== pw_noisy_smear_lam0.0_seed1 ===
  ep 0 val_nll 6.5355
  ep 25 val_nll 6.0178
  ep 50 val_nll 6.1577
  ep 75 val_nll 6.3962
  ep 100 val_nll 6.5936
  ep 125 val_nll 6.7252
  ep 150 val_nll 6.8045
  ep 175 val_nll 6.8609
{"tag": "pw_noisy_smear_lam0.0_seed1", "maps": "smear", "lam": 0.0, "resid": "plain", "val_nll": 6.010989013671875, "noisy": {"coverage": 0.9205, "median_radius_m": 85.01323916757215, "frac_below_50m": 0.176}}
=== pw_noisy_smear_lam0.0_seed2 ===
  ep 0 val_nll 6.6496
  ep 25 val_nll 6.0023
  ep 50 val_nll 6.1110
  ep 75 val_nll 6.3294
  ep 100 val_nll 6.4785
  ep 125 val_nll 6.6256
  ep 150 val_nll 6.7009
