  ep 0 crit 6.7246
  ep 20 crit 5.7404
  ep 40 crit 5.7374
  ep 60 crit 5.7516
  ep 80 crit 5.7950
  ep 100 crit 5.8461
  ep 120 crit 5.8819
  ep 140 crit 5.9190
  ep 160 crit 5.9346
  ep 180 crit 5.9509
{"tag": "s_det_det_seed2", "coverage": 0.91, "median_radius_m": 92.82434771632852, "wilcoxon_p_vs_ref": 1.353788827175797e-95, "frac_sharper_than_ref": 0.696}
  ep 0 crit 6.6563
  ep 20 crit 5.7347
  ep 40 crit 5.7124
  ep 60 crit 5.7429
  ep 80 crit 5.7769
  ep 100 crit 5.8250
  ep 120 crit 5.8676
  ep 140 crit 5.8999
  ep 160 crit 5.9132
  ep 180 crit 5.9299
{"tag": "s_det_det_seed3", "coverage": 0.914, "median_radius_m": 93.13776790260387, "wilcoxon_p_vs_ref": 0.9994500330035708, "frac_sharper_than_ref": 0.426}
  ep 0 crit 6.8533
  ep 20 crit 6.0205
  ep 40 crit 6.0437
  ep 60 crit 6.1098
  ep 80 crit 6.1758
  ep 100 crit 6.2422
  ep 120 crit 6.2822
  ep 140 crit 6.3131
  ep 160 crit 6.3383
  ep 180 crit 6.3588
{"tag": "s_ens_det_seed2", "coverage": 0.8925, "median_radius_m": 83.51458325618293, "wilcoxon_p_vs_ref": 7.434865957368836e-106, "frac_sharper_than_ref": 0.7495}
  ep 0 crit 6.9905
  ep 20 crit 6.0023
  ep 40 crit 6.0289
  ep 60 crit 6.1062
  ep 80 crit 6.1845
  ep 100 crit 6.2276
  ep 120 crit 6.2810
  ep 140 crit 6.3180
  ep 160 crit 6.3454
  ep 180 crit 6.3584
{"tag": "s_ens_det_seed3", "coverage": 0.8955, "median_radius_m": 84.95608740368904, "wilcoxon_p_vs_ref": 1.932233978912354e-86, "frac_sharper_than_ref": 0.739}
T3SEEDS DONE
