== pw_noisy_nomaps_seed1 start 14:58
  ep 0 val_nll 8.0002
  ep 25 val_nll 7.3485
  ep 50 val_nll 7.0745
  ep 75 val_nll 7.0592
  ep 100 val_nll 7.1520
  ep 125 val_nll 7.2175
  ep 150 val_nll 7.2679
  ep 175 val_nll 7.3218
saved checkpoint /projectnb/rise-tower/eric1/csr-data-se28/checkpoints/pw_noisy_nomaps_seed1.pt
{"tag": "pw_noisy_nomaps_seed1", "maps": "off", "arch": "deepsets", "val_nll": 7.030041748046875, "clean": {"coverage": 0.9035, "median_radius_m": 127.06197627194169, "frac_below_50m": 0.0}, "noisy": {"coverage": 0.8955, "median_radius_m": 127.29112339455928, "frac_below_50m": 0.0}}
== pw_noisy_ens_seed1 start 14:59
  ep 0 val_nll 6.6586
  ep 25 val_nll 6.2691
  ep 50 val_nll 6.4885
  ep 75 val_nll 6.6941
  ep 100 val_nll 6.8635
  ep 125 val_nll 7.0195
  ep 150 val_nll 7.1400
  ep 175 val_nll 7.2080
saved checkpoint /projectnb/rise-tower/eric1/csr-data-se28/checkpoints/pw_noisy_ens_seed1.pt
{"tag": "pw_noisy_ens_seed1", "maps": "ens", "arch": "deepsets", "val_nll": 6.193464111328125, "noisy": {"coverage": 0.9055, "median_radius_m": 92.29961571299268, "frac_below_50m": 0.0885}}
== pw_noisy_ens_gnn_seed1 start 15:02
  ep 0 val_nll 6.6972
  ep 25 val_nll 6.1650
  ep 50 val_nll 6.1615
  ep 75 val_nll 6.3494
  ep 100 val_nll 6.5500
  ep 125 val_nll 6.7659
  ep 150 val_nll 6.9907
  ep 175 val_nll 7.1274
