== pw_noisy_zdet_seed1 start 20:02
  ep 0 val_nll 8.0004
  ep 25 val_nll 7.1349
  ep 50 val_nll 6.7977
  ep 75 val_nll 6.6882
  ep 100 val_nll 6.3670
  ep 125 val_nll 6.2308
  ep 150 val_nll 6.2698
  ep 175 val_nll 6.2966
saved checkpoint /projectnb/rise-tower/eric1/csr-data-se48/checkpoints/pw_noisy_zdet_seed1.pt
{"tag": "pw_noisy_zdet_seed1", "maps": "zdet", "arch": "deepsets", "val_nll": 6.208978515625, "noisy": {"coverage": 0.903, "median_radius_m": 76.6615831159394, "frac_below_50m": 0.114}}
== pw_noisy_det_seed1 start 20:05
  ep 0 val_nll 8.0004
  ep 25 val_nll 7.1349
  ep 50 val_nll 6.7977
  ep 75 val_nll 6.6882
  ep 100 val_nll 6.3889
  ep 125 val_nll 6.1538
  ep 150 val_nll 6.1903
  ep 175 val_nll 6.2173
saved checkpoint /projectnb/rise-tower/eric1/csr-data-se48/checkpoints/pw_noisy_seed1.pt
{"tag": "pw_noisy_seed1", "maps": "det", "arch": "deepsets", "val_nll": 6.138501953125, "noisy": {"coverage": 0.903, "median_radius_m": 75.57684519685463, "frac_below_50m": 0.1245}}
== pw_noisy_zdet_seed2 start 20:07
  ep 0 val_nll 7.9820
  ep 25 val_nll 7.1391
  ep 50 val_nll 6.7972
  ep 75 val_nll 6.7338
  ep 100 val_nll 6.4587
  ep 125 val_nll 6.2856
  ep 150 val_nll 6.3508
  ep 175 val_nll 6.3589
saved checkpoint /projectnb/rise-tower/eric1/csr-data-se48/checkpoints/pw_noisy_zdet_seed2.pt
{"tag": "pw_noisy_zdet_seed2", "maps": "zdet", "arch": "deepsets", "val_nll": 6.2818388671875, "noisy": {"coverage": 0.8975, "median_radius_m": 75.19026033331636, "frac_below_50m": 0.1165}}
== pw_noisy_det_seed2 start 20:09
  ep 0 val_nll 7.9820
  ep 25 val_nll 7.1391
  ep 50 val_nll 6.7972
  ep 75 val_nll 6.7338
  ep 100 val_nll 6.4930
  ep 125 val_nll 6.2037
  ep 150 val_nll 6.2644
  ep 175 val_nll 6.2783
saved checkpoint /projectnb/rise-tower/eric1/csr-data-se48/checkpoints/pw_noisy_seed2.pt
{"tag": "pw_noisy_seed2", "maps": "det", "arch": "deepsets", "val_nll": 6.203244873046875, "noisy": {"coverage": 0.8935, "median_radius_m": 74.01839235108771, "frac_below_50m": 0.1355}}
== pw_noisy_zdet_seed3 start 20:11
  ep 0 val_nll 7.9874
  ep 25 val_nll 7.1173
  ep 50 val_nll 6.7725
  ep 75 val_nll 6.6979
  ep 100 val_nll 6.3599
  ep 125 val_nll 6.2826
  ep 150 val_nll 6.3300
  ep 175 val_nll 6.3647
saved checkpoint /projectnb/rise-tower/eric1/csr-data-se48/checkpoints/pw_noisy_zdet_seed3.pt
{"tag": "pw_noisy_zdet_seed3", "maps": "zdet", "arch": "deepsets", "val_nll": 6.2602548828125, "noisy": {"coverage": 0.9045, "median_radius_m": 78.3535422936996, "frac_below_50m": 0.109}}
== pw_noisy_det_seed3 start 20:14
  ep 0 val_nll 7.9874
  ep 25 val_nll 7.1173
  ep 50 val_nll 6.7725
  ep 75 val_nll 6.6979
  ep 100 val_nll 6.4604
  ep 125 val_nll 6.1949
  ep 150 val_nll 6.2419
  ep 175 val_nll 6.2741
saved checkpoint /projectnb/rise-tower/eric1/csr-data-se48/checkpoints/pw_noisy_seed3.pt
{"tag": "pw_noisy_seed3", "maps": "det", "arch": "deepsets", "val_nll": 6.18241162109375, "noisy": {"coverage": 0.899, "median_radius_m": 75.31934242033076, "frac_below_50m": 0.133}}
== ladder complete 20:16
