== pw_noisy_nomaps_seed1 start 15:17
  ep 0 val_nll 8.0004
  ep 25 val_nll 7.1349
  ep 50 val_nll 6.7977
  ep 75 val_nll 6.6882
  ep 100 val_nll 6.6678
  ep 125 val_nll 6.6640
  ep 150 val_nll 6.6845
  ep 175 val_nll 6.6987
saved checkpoint /projectnb/rise-tower/eric1/csr-data-se48/checkpoints/pw_noisy_nomaps_seed1.pt
{"tag": "pw_noisy_nomaps_seed1", "maps": "off", "arch": "deepsets", "val_nll": 6.637356689453125, "clean": {"coverage": 0.9015, "median_radius_m": 95.96309907957256, "frac_below_50m": 0.0005}, "noisy": {"coverage": 0.914, "median_radius_m": 99.88156027867295, "frac_below_50m": 0.0005}}
== pw_noisy_ens_seed1 start 15:19
  ep 0 val_nll 6.4815
  ep 25 val_nll 5.9868
  ep 50 val_nll 6.1961
  ep 75 val_nll 6.3297
  ep 100 val_nll 6.4820
  ep 125 val_nll 6.5948
  ep 150 val_nll 6.6879
  ep 175 val_nll 6.7493
saved checkpoint /projectnb/rise-tower/eric1/csr-data-se48/checkpoints/pw_noisy_ens_seed1.pt
{"tag": "pw_noisy_ens_seed1", "maps": "ens", "arch": "deepsets", "val_nll": 5.971311279296875, "noisy": {"coverage": 0.911, "median_radius_m": 83.33992726175845, "frac_below_50m": 0.1225}}
== pw_noisy_ens_gnn_seed1 start 15:21
  ep 0 val_nll 6.5263
  ep 25 val_nll 5.9630
  ep 50 val_nll 5.9520
  ep 75 val_nll 6.0071
  ep 100 val_nll 6.1910
  ep 125 val_nll 6.3391
  ep 150 val_nll 6.4954
  ep 175 val_nll 6.6327
saved checkpoint /projectnb/rise-tower/eric1/csr-data-se48/checkpoints/pw_noisy_ens_gnn_seed1.pt
{"tag": "pw_noisy_ens_gnn_seed1", "maps": "ens", "arch": "gnn", "val_nll": 5.93253173828125, "noisy": {"coverage": 0.908, "median_radius_m": 80.79504602853767, "frac_below_50m": 0.129}}
== pw_noisy_nomaps_seed2 start 15:24
  ep 0 val_nll 7.9820
  ep 25 val_nll 7.1391
  ep 50 val_nll 6.7972
  ep 75 val_nll 6.7338
  ep 100 val_nll 6.7023
  ep 125 val_nll 6.7051
  ep 150 val_nll 6.7653
  ep 175 val_nll 6.7612
saved checkpoint /projectnb/rise-tower/eric1/csr-data-se48/checkpoints/pw_noisy_nomaps_seed2.pt
{"tag": "pw_noisy_nomaps_seed2", "maps": "off", "arch": "deepsets", "val_nll": 6.680752197265625, "clean": {"coverage": 0.8895, "median_radius_m": 96.31674160130665, "frac_below_50m": 0.0}, "noisy": {"coverage": 0.887, "median_radius_m": 97.32006806966561, "frac_below_50m": 0.0}}
== pw_noisy_ens_seed2 start 15:25
  ep 0 val_nll 6.5346
  ep 25 val_nll 5.9869
  ep 50 val_nll 6.1421
  ep 75 val_nll 6.3455
  ep 100 val_nll 6.4832
  ep 125 val_nll 6.6321
  ep 150 val_nll 6.7301
  ep 175 val_nll 6.7826
saved checkpoint /projectnb/rise-tower/eric1/csr-data-se48/checkpoints/pw_noisy_ens_seed2.pt
{"tag": "pw_noisy_ens_seed2", "maps": "ens", "arch": "deepsets", "val_nll": 5.97654052734375, "noisy": {"coverage": 0.906, "median_radius_m": 82.93096616016344, "frac_below_50m": 0.127}}
== pw_noisy_ens_gnn_seed2 start 15:28
  ep 0 val_nll 6.5359
  ep 25 val_nll 5.9667
  ep 50 val_nll 5.9371
  ep 75 val_nll 6.0029
  ep 100 val_nll 6.1474
  ep 125 val_nll 6.3450
  ep 150 val_nll 6.5493
  ep 175 val_nll 6.7068
