== pw_noisy_zdet_seed1 start 15:45
  ep 0 val_nll 6.5415
  ep 25 val_nll 6.1951
  ep 50 val_nll 6.3015
  ep 75 val_nll 6.4720
  ep 100 val_nll 6.5843
  ep 125 val_nll 6.6885
  ep 150 val_nll 6.7861
  ep 175 val_nll 6.8349
saved checkpoint /projectnb/rise-tower/eric1/csr-data-se48/checkpoints/pw_noisy_zdet_seed1.pt
{"tag": "pw_noisy_zdet_seed1", "maps": "zdet", "arch": "deepsets", "val_nll": 6.184198486328125, "noisy": {"coverage": 0.907, "median_radius_m": 87.32426211177136, "frac_below_50m": 0.1015}}
== pw_noisy_det_seed1 start 15:47
Traceback (most recent call last):
  File "/usr4/spclpgm/eric1/conformal-source-regions/src/paired_wind.py", line 610, in <module>
    main()
  File "/usr4/spclpgm/eric1/conformal-source-regions/src/paired_wind.py", line 603, in main
    stage_train(cfg, device, args.views, args.seed,
  File "/usr4/spclpgm/eric1/conformal-source-regions/src/paired_wind.py", line 424, in stage_train
    A = {s: {v: make_view(cfg, dd, (s, clean[s]), v, maps)
                ^^^^^^^^^^^^^^^^^^^^^^^^^^^^^^^^^^^^^^^^^^
  File "/usr4/spclpgm/eric1/conformal-source-regions/src/paired_wind.py", line 361, in make_view
    stats = stats_maps(dd, split, d_clean) if maps else None
            ^^^^^^^^^^^^^^^^^^^^^^^^^^^^^^
  File "/usr4/spclpgm/eric1/conformal-source-regions/src/methane_t_levers.py", line 191, in stats_maps
    z = np.load(dd / f"ch4t_{split}_suffstats.npz")
        ^^^^^^^^^^^^^^^^^^^^^^^^^^^^^^^^^^^^^^^^^^^
  File "/share/pkg.8/academic-ml/spring-2026/install/spring-2026-pyt/lib/python3.12/site-packages/numpy/lib/_npyio_impl.py", line 451, in load
    fid = stack.enter_context(open(os.fspath(file), "rb"))
                              ^^^^^^^^^^^^^^^^^^^^^^^^^^^
FileNotFoundError: [Errno 2] No such file or directory: '/projectnb/rise-tower/eric1/csr-data-se48/ch4t_calib_suffstats.npz'
== pw_noisy_det_seed1 FAILED
