== pw_noisy_nomaps_seed1 start 14:15
  ep 0 val_nll 8.0008
  ep 25 val_nll 6.8579
  ep 50 val_nll 6.3896
  ep 75 val_nll 6.1866
  ep 100 val_nll 6.1440
  ep 125 val_nll 6.1064
  ep 150 val_nll 6.0907
  ep 175 val_nll 6.0948
saved checkpoint /projectnb/rise-tower/eric1/csr-data-se/checkpoints/pw_noisy_nomaps_seed1.pt
{"tag": "pw_noisy_nomaps_seed1", "maps": "off", "arch": "deepsets", "val_nll": 6.072036865234375, "clean": {"coverage": 0.894, "median_radius_m": 72.82767031484143, "frac_below_50m": 0.01}, "noisy": {"coverage": 0.901, "median_radius_m": 75.96146266908485, "frac_below_50m": 0.0045}}
== pw_noisy_ens_seed1 start 14:16
  ep 0 val_nll 6.1877
  ep 25 val_nll 5.6015
  ep 50 val_nll 5.6153
  ep 75 val_nll 5.7752
  ep 100 val_nll 5.9143
  ep 125 val_nll 6.0112
  ep 150 val_nll 6.0861
  ep 175 val_nll 6.1412
saved checkpoint /projectnb/rise-tower/eric1/csr-data-se/checkpoints/pw_noisy_ens_seed1.pt
{"tag": "pw_noisy_ens_seed1", "maps": "ens", "arch": "deepsets", "val_nll": 5.585703857421875, "noisy": {"coverage": 0.8945, "median_radius_m": 67.13656026549315, "frac_below_50m": 0.239}}
== pw_noisy_ens_gnn_seed1 start 14:19
  ep 0 val_nll 6.2406
  ep 25 val_nll 5.5944
  ep 50 val_nll 5.5760
  ep 75 val_nll 5.5725
  ep 100 val_nll 5.6191
  ep 125 val_nll 5.7085
  ep 150 val_nll 5.8109
  ep 175 val_nll 5.8779
saved checkpoint /projectnb/rise-tower/eric1/csr-data-se/checkpoints/pw_noisy_ens_gnn_seed1.pt
{"tag": "pw_noisy_ens_gnn_seed1", "maps": "ens", "arch": "gnn", "val_nll": 5.51831982421875, "noisy": {"coverage": 0.887, "median_radius_m": 62.56804989999447, "frac_below_50m": 0.286}}
== pw_noisy_nomaps_seed2 start 14:22
  ep 0 val_nll 7.9787
  ep 25 val_nll 6.8334
  ep 50 val_nll 6.4396
  ep 75 val_nll 6.2419
  ep 100 val_nll 6.1928
  ep 125 val_nll 6.1199
  ep 150 val_nll 6.0985
  ep 175 val_nll 6.1021
saved checkpoint /projectnb/rise-tower/eric1/csr-data-se/checkpoints/pw_noisy_nomaps_seed2.pt
{"tag": "pw_noisy_nomaps_seed2", "maps": "off", "arch": "deepsets", "val_nll": 6.07379833984375, "clean": {"coverage": 0.8845, "median_radius_m": 73.887037514035, "frac_below_50m": 0.005}, "noisy": {"coverage": 0.8925, "median_radius_m": 77.2296882501687, "frac_below_50m": 0.0025}}
== pw_noisy_ens_seed2 start 14:23
  ep 0 val_nll 6.2219
  ep 25 val_nll 5.6124
  ep 50 val_nll 5.6257
  ep 75 val_nll 5.8358
  ep 100 val_nll 5.9892
  ep 125 val_nll 6.1254
  ep 150 val_nll 6.2176
  ep 175 val_nll 6.2581
saved checkpoint /projectnb/rise-tower/eric1/csr-data-se/checkpoints/pw_noisy_ens_seed2.pt
{"tag": "pw_noisy_ens_seed2", "maps": "ens", "arch": "deepsets", "val_nll": 5.596418701171875, "noisy": {"coverage": 0.9025, "median_radius_m": 68.42638794379343, "frac_below_50m": 0.2095}}
== pw_noisy_ens_gnn_seed2 start 14:26
  ep 0 val_nll 6.2307
  ep 25 val_nll 5.6106
  ep 50 val_nll 5.5627
  ep 75 val_nll 5.5263
  ep 100 val_nll 5.5694
  ep 125 val_nll 5.6936
  ep 150 val_nll 5.8070
  ep 175 val_nll 5.8759
saved checkpoint /projectnb/rise-tower/eric1/csr-data-se/checkpoints/pw_noisy_ens_gnn_seed2.pt
{"tag": "pw_noisy_ens_gnn_seed2", "maps": "ens", "arch": "gnn", "val_nll": 5.50001953125, "noisy": {"coverage": 0.8955, "median_radius_m": 61.31342527681045, "frac_below_50m": 0.302}}
== pw_noisy_nomaps_seed3 start 14:28
  ep 0 val_nll 7.9861
  ep 25 val_nll 6.8199
  ep 50 val_nll 6.3545
  ep 75 val_nll 6.1897
  ep 100 val_nll 6.1383
  ep 125 val_nll 6.1063
  ep 150 val_nll 6.1148
  ep 175 val_nll 6.1080
saved checkpoint /projectnb/rise-tower/eric1/csr-data-se/checkpoints/pw_noisy_nomaps_seed3.pt
{"tag": "pw_noisy_nomaps_seed3", "maps": "off", "arch": "deepsets", "val_nll": 6.0909365234375, "clean": {"coverage": 0.9015, "median_radius_m": 75.83347359304877, "frac_below_50m": 0.0045}, "noisy": {"coverage": 0.898, "median_radius_m": 76.5347648601793, "frac_below_50m": 0.0045}}
== pw_noisy_ens_seed3 start 14:30
  ep 0 val_nll 6.1759
  ep 25 val_nll 5.5968
  ep 50 val_nll 5.6336
  ep 75 val_nll 5.8168
  ep 100 val_nll 5.9144
  ep 125 val_nll 6.0481
  ep 150 val_nll 6.1396
  ep 175 val_nll 6.1855
saved checkpoint /projectnb/rise-tower/eric1/csr-data-se/checkpoints/pw_noisy_ens_seed3.pt
{"tag": "pw_noisy_ens_seed3", "maps": "ens", "arch": "deepsets", "val_nll": 5.5872705078125, "noisy": {"coverage": 0.888, "median_radius_m": 67.9991638633673, "frac_below_50m": 0.24}}
== pw_noisy_ens_gnn_seed3 start 14:32
  ep 0 val_nll 6.2848
  ep 25 val_nll 5.6007
  ep 50 val_nll 5.5816
  ep 75 val_nll 5.5807
  ep 100 val_nll 5.6182
  ep 125 val_nll 5.7020
  ep 150 val_nll 5.7803
  ep 175 val_nll 5.8204
saved checkpoint /projectnb/rise-tower/eric1/csr-data-se/checkpoints/pw_noisy_ens_gnn_seed3.pt
{"tag": "pw_noisy_ens_gnn_seed3", "maps": "ens", "arch": "gnn", "val_nll": 5.517734375, "noisy": {"coverage": 0.8955, "median_radius_m": 64.25317033671426, "frac_below_50m": 0.265}}
== chain 0 complete 14:35
