=== oracle sanity (final formulation) ===
  mode_recovery_small_sigma: 24/24
  mode_recovery_pass: True
  hpd90_area_wellspread_mean: 0.06376139322916667
  hpd90_area_confined_mean: 0.4795328776041667
  poor_layout_broader_pass: True
  area_contracts_q_frac: 0.8333333333333334
  area_grows_sigma_frac: 1.0
  area_dose_pass: False
  brute_force_deep_max_abs_dev: 9.338929771729454e-07
  brute_force_trapezoid_max_abs_dev: 9.429484748579853e-07
  brute_force_pass: True
ORACLE SANITY: FAIL
Traceback (most recent call last):
  File "/usr4/spclpgm/eric1/conformal-source-regions/src/sanity_oracle.py", line 203, in <module>
    main()
  File "/usr4/spclpgm/eric1/conformal-source-regions/src/sanity_oracle.py", line 199, in main
    assert ok
           ^^
AssertionError
=== refine check 96x96 full test split ===
96x96 posteriors: calib (2000)...
  500/2000  (67 ms/scen)
  1000/2000  (67 ms/scen)
  1500/2000  (67 ms/scen)
  2000/2000  (67 ms/scen)
96x96 posteriors: test subset (2000)...
  500/2000  (68 ms/scen)
  1000/2000  (69 ms/scen)
  1500/2000  (68 ms/scen)
  2000/2000  (68 ms/scen)
{'coverage_96_minus_64': -0.006500000000000061, 'median_area_96_minus_64': -0.006198459201388888, 'coverage_96': 0.9005, 'coverage_64_subset': 0.907, 'median_area_96': 0.006618923611111112, 'median_area_64_subset': 0.0128173828125, 'norm_err_96': 1.3855583347321954e-13, 'n_scenarios': 2000}
=== figures ===
Matplotlib is building the font cache; this may take a moment.
fig3 done
fig4 done
fig5 done (flagship scenario 39)
fig2 done (geometry scenario 0)
fig1 done
=== assemble ===
placeholder_map.json written with 47 keys
{
  "map_error_mean_learned": 0.17367232386917533,
  "map_error_median_learned": 0.10333826673227411,
  "map_error_mean_exact": 0.16023777154216712,
  "map_error_median_exact": 0.022668104127897146,
  "map_error_mean_peak_sensor": 0.35560398282612177,
  "map_error_median_peak_sensor": 0.3150528444401277,
  "coverage_90_learned": 0.875,
  "coverage_90_learned_ci": [
    0.859704381192545,
    0.8891864562741764
  ],
  "coverage_90_exact": 0.907,
  "coverage_90_exact_ci": [
    0.8934177031408965,
    0.9193748331405451
  ],
  "region_area_mean_learned": 0.1677784423828125,
  "region_area_median_learned": 0.068359375,
  "region_area_mean_exact": 0.221515380859375,
  "region_area_median_exact": 0.0126953125,
  "h2_spearman": 0.8483715568086974,
  "inefficiency_factor_mean": 47.63314472859747,
  "inefficiency_factor_median": 5.572089314194578,
  "h3_knob1_slope_ratio": 0.46732677465863803,
  "h3_knob1_spearman_mean": 0.6491554896079271,
  "h3_knob1_spearman_median": 0.8136762043449725,
  "h3_knob2_ratio_learned": 2.4413991591115076,
  "h3_knob2_ratio_exact": 177.71666261300487,
  "h3_knob2_spearman": 0.8801383029741062,
  "h3_knob3_slope_ratio": 0.49320290491820223,
  "h3_knob3_spearman_mean": 0.5249693342945732,
  "h3_knob3_spearman_median": 0.7500000000000002,
  "nll_mean": 6.335784435272217,
  "jsd_mean": 0.5553437334978075,
  "map_error_percentiles_50_90_99": [
    0.10333826673227411,
    0.4339940212500064,
    0.7758640562356378
  ],
  "latency_ms_per_scenario": 0.47889232635498047,
  "coverage_0.80_learned": 0.7865,
  "area_median_0.80_learned": 0.05029296875,
  "coverage_0.95_learned": 0.9435,
  "area_median_0.95_learned": 0.091552734375,
  "seed2_coverage_90": 0.896,
  "seed2_area_median": 0.0728759765625,
  "seed2_map_error_mean": 0.17487958246130386,
  "seed2_h2_spearman": 0.8511421209714861,
  "seed2_inefficiency_median": 5.796551724137931,
  "seed_spread_map_error_mean": 0.0012072585921285295,
  "seed_spread_coverage": 0.02100000000000002
}
=== CHAIN4 DONE ===
chain exit: 0
