=== oracle sanity (fixed mode-recovery formulation) ===
  mode_recovery_small_sigma: 21/24
  mode_recovery_pass: False
  hpd90_area_wellspread_mean: 0.12320963541666667
  hpd90_area_confined_mean: 0.2880452473958333
  poor_layout_broader_pass: True
  area_contracts_q_frac: 1.0
  area_grows_sigma_frac: 1.0
  area_dose_pass: True
  brute_force_deep_max_abs_dev: 5.665411890731775e-07
  brute_force_trapezoid_max_abs_dev: 5.92282901834551e-07
  brute_force_pass: True
ORACLE SANITY: FAIL
Traceback (most recent call last):
  File "/usr4/spclpgm/eric1/conformal-source-regions/src/sanity_oracle.py", line 187, in <module>
    main()
  File "/usr4/spclpgm/eric1/conformal-source-regions/src/sanity_oracle.py", line 183, in main
    assert ok
           ^^
AssertionError
=== exact posteriors test ===
exact posteriors: test (grid 64x64)
  500/2000  (31 ms/scen)
  1000/2000  (31 ms/scen)
  1500/2000  (31 ms/scen)
  2000/2000  (31 ms/scen)
  done in 61s, max |1-sum(p)| = 8.86e-14
=== conformal model seed1 ===
[model_seed1] coverage@90 = 0.8750 CI [0.8597, 0.8892] contains 0.90: False | area mean 0.1678 median 0.0684
=== conformal model seed2 ===
[model_seed2] coverage@90 = 0.8960 CI [0.8818, 0.9090] contains 0.90: True | area mean 0.1706 median 0.0729
=== conformal exact ===
[exact] coverage@90 = 0.8210 CI [0.8035, 0.8376] contains 0.90: False | area mean 0.4014 median 0.0179
=== audit seed1 ===
{
  "h2": {
    "spearman_area": 0.6337337106399069,
    "spearman_p": 4.473001863277786e-225,
    "inefficiency_mean": 83.37595975299087,
    "inefficiency_median": 8.806902356902357
  },
  "map_error": {
    "learned_mean": 0.17367232386917533,
    "learned_median": 0.10333826673227411,
    "exact_mean": 0.16003476647204293,
    "exact_median": 0.022668104127897146,
    "peak_sensor_mean": 0.35560398282612177,
    "peak_sensor_median": 0.3150528444401277,
    "learned_p50_p90_p99": [
      0.10333826673227411,
      0.4339940212500064,
      0.7758640562356378
    ]
  },
  "nll_mean": 6.335784435272217,
  "jsd_mean": 0.5553437334972241,
  "jsd_median": 0.6580207949048161,
  "latency_ms_per_scenario": 0.482105016708374
}
=== audit seed2 ===
{
  "h2": {
    "spearman_area": 0.6429515076200847,
    "spearman_p": 1.063405952289643e-233,
    "inefficiency_mean": 89.53394709201174,
    "inefficiency_median": 8.201530612244898
  },
  "map_error": {
    "learned_mean": 0.17487958246130386,
    "learned_median": 0.09915808081769267,
    "exact_mean": 0.16003476647204293,
    "exact_median": 0.022668104127897146,
    "peak_sensor_mean": 0.35560398282612177,
    "peak_sensor_median": 0.3150528444401277,
    "learned_p50_p90_p99": [
      0.09915808081769267,
      0.4464825941909243,
      0.76898491880185
    ]
  },
  "nll_mean": 6.353116035461426,
  "jsd_mean": 0.557007756170166,
  "jsd_median": 0.6595498118323382,
  "latency_ms_per_scenario": 0.4724752902984619
}
=== dose response ===
/usr4/spclpgm/eric1/conformal-source-regions/src/dose_response.py:103: ConstantInputWarning: An input array is constant; the correlation coefficient is not defined.
  k1_rho = [spearmanr(curves_l[b], curves_e[b]).statistic for b in range(B)]
/usr4/spclpgm/eric1/conformal-source-regions/src/dose_response.py:153: ConstantInputWarning: An input array is constant; the correlation coefficient is not defined.
  k3_rho = [spearmanr(sw_l[b], sw_e[b]).statistic for b in range(B)]
{
  "knob1": {
    "spearman_per_scenario_mean": 0.27121012608275735,
    "spearman_per_scenario_median": 0.237346441585572,
    "slope_ratio_mean_curves": 0.479690957234575,
    "slope_ratio_per_scenario_median": 0.17622437817665582,
    "slope_learned_mean": -0.016143310546875,
    "slope_exact_mean": -0.03365356445312501
  },
  "knob2": {
    "confined_over_spread_learned_mean": 2.4413991591115076,
    "confined_over_spread_exact_mean": 559.9674548947046,
    "confined_over_spread_learned_median": 1.1964232027139579,
    "confined_over_spread_exact_median": 1.0,
    "spearman_ratio_agreement": 0.6665353514075155,
    "confined_broader_learned_frac": 0.64,
    "confined_broader_exact_frac": 0.46
  },
  "knob3": {
    "spearman_per_scenario_mean": 0.24673673030766602,
    "spearman_per_scenario_median": 0.28693818635515156,
    "slope_ratio_mean_curves": 0.20778959173784986,
    "slope_ratio_per_scenario_median": 0.0188661189505334,
    "slope_learned_mean": 0.03993477957589286,
    "slope_exact_mean": 0.19218854631696428
  },
  "Ns": [
    4,
    5,
    6,
    7,
    8,
    9,
    10,
    11,
    12
  ],
  "sigma_values": [
    0.010000000000000004,
    0.014677992676220697,
    0.02154434690031885,
    0.0316227766016838,
    0.046415888336127815,
    0.06812920690579614,
    0.10000000000000002
  ]
}
=== CHAIN DONE ===
chain exit: 0
