NPEFlow params: 0.73M
  ep 0 val_nll -0.1928
  ep 20 val_nll -1.0138
  ep 40 val_nll -1.4951
  ep 60 val_nll -1.6162
  ep 80 val_nll -1.8224
  ep 100 val_nll -1.8647
  ep 120 val_nll -1.9787
  ep 140 val_nll -1.9793
  ep 160 val_nll -2.1043
  ep 180 val_nll -2.0303
  ep 200 val_nll -2.0229
  ep 220 val_nll -2.0344
  ep 240 val_nll -2.0789
  ep 260 val_nll -2.0039
  ep 280 val_nll -2.1018
  ep 300 val_nll -2.0347
  ep 320 val_nll -2.0562
  ep 340 val_nll -2.0152
  ep 360 val_nll -1.9595
  ep 380 val_nll -1.9192
  ep 400 val_nll -1.8830
  ep 420 val_nll -1.8197
  ep 440 val_nll -1.7932
  ep 460 val_nll -1.7884
  ep 480 val_nll -1.7511
cell-mass normalization drift: 3.49e-06
{"tag": "flow_npe_fair_noisywind_seed1", "coverage": 0.9075, "median_radius_m": 81.69179986416707, "wilcoxon_p_vs_M1": 2.854913426676161e-30, "frac_sharper_than_M1": 0.64, "norm_drift": 3.4861626669879797e-06}
T3FLOW DONE
